../src/NSP.c:123:12:NSP_SaveConfigToFlash	8	static
../src/NSP.c:128:12:NSP_LoadConfigFromFlash	32	static
../src/NSP.c:146:13:NSP_UpdateAttributes	64	dynamic
../src/NSP.c:197:6:NSP_SetAppMode	16	static
../src/NSP.c:205:13:NSP_GetAppMode	16	static
../src/NSP.c:215:13:TrySyncNTP	16	static
../src/NSP.c:225:6:ConnectionManager_Task	24	static
../src/NSP.c:259:14:init_app	32	static
../src/NSP.c:284:6:NSP_APP_Task	64	static
../src/NSP.c:355:5:main	16	static
../src/NSP.c:372:6:vApplicationStackOverflowHook	16	static
../src/NSP.c:384:6:vApplicationMallocFailedHook	8	static
