Archive member included to satisfy reference by file (symbol)

C:\LEETC\SE\MCUXpressoIDE_11.10.0_3148\workspace\NSP\FreeRTOS-Kernel\Debug\libFreeRTOS-Kernel.a(port.o)
                              ./src/cr_startup_lpc175x_6x-FreeRTOS.o (vPortSVCHandler)
C:\LEETC\SE\MCUXpressoIDE_11.10.0_3148\workspace\NSP\FreeRTOS-Kernel\Debug\libFreeRTOS-Kernel.a(tasks.o)
                              C:\LEETC\SE\MCUXpressoIDE_11.10.0_3148\workspace\NSP\FreeRTOS-Kernel\Debug\libFreeRTOS-Kernel.a(port.o) (pxCurrentTCB)
C:\LEETC\SE\MCUXpressoIDE_11.10.0_3148\workspace\NSP\FreeRTOS-Kernel\Debug\libFreeRTOS-Kernel.a(timers.o)
                              C:\LEETC\SE\MCUXpressoIDE_11.10.0_3148\workspace\NSP\FreeRTOS-Kernel\Debug\libFreeRTOS-Kernel.a(tasks.o) (xTimerCreateTimerTask)
C:\LEETC\SE\MCUXpressoIDE_11.10.0_3148\workspace\NSP\FreeRTOS-Kernel\Debug\libFreeRTOS-Kernel.a(heap_4.o)
                              C:\LEETC\SE\MCUXpressoIDE_11.10.0_3148\workspace\NSP\FreeRTOS-Kernel\Debug\libFreeRTOS-Kernel.a(tasks.o) (pvPortMalloc)
C:\LEETC\SE\MCUXpressoIDE_11.10.0_3148\workspace\NSP\FreeRTOS-Kernel\Debug\libFreeRTOS-Kernel.a(list.o)
                              C:\LEETC\SE\MCUXpressoIDE_11.10.0_3148\workspace\NSP\FreeRTOS-Kernel\Debug\libFreeRTOS-Kernel.a(tasks.o) (vListInitialise)
C:\LEETC\SE\MCUXpressoIDE_11.10.0_3148\workspace\NSP\FreeRTOS-Kernel\Debug\libFreeRTOS-Kernel.a(queue.o)
                              C:\LEETC\SE\MCUXpressoIDE_11.10.0_3148\workspace\NSP\FreeRTOS-Kernel\Debug\libFreeRTOS-Kernel.a(timers.o) (xQueueGenericCreate)
C:\LEETC\SE\MCUXpressoIDE_11.10.0_3148\workspace\NSP\HAL\libHALRunTime.a(wait.o)
                              C:\LEETC\SE\MCUXpressoIDE_11.10.0_3148\workspace\NSP\FreeRTOS-Kernel\Debug\libFreeRTOS-Kernel.a(tasks.o) (TIMER_RuntimeStatsConfig)
C:\LEETC\SE\MCUXpressoIDE_11.10.0_3148\workspace\NSP\CMSIS_CORE_LPC17xx\Debug\libCMSIS_CORE_LPC17xx.a(system_LPC17xx.o)
                              C:\LEETC\SE\MCUXpressoIDE_11.10.0_3148\workspace\NSP\HAL\libHALRunTime.a(wait.o) (SystemCoreClockUpdate)
C:/nxp/MCUXpressoIDE_11.10.0_3148/ide/plugins/com.nxp.mcuxpresso.tools.win32_11.10.0.202311280810/tools/bin/../lib/gcc/arm-none-eabi/13.2.1/thumb/v7-m/nofp\libgcc.a(_aeabi_ldivmod.o)
                              C:\LEETC\SE\MCUXpressoIDE_11.10.0_3148\workspace\NSP\CMSIS_CORE_LPC17xx\Debug\libCMSIS_CORE_LPC17xx.a(system_LPC17xx.o) (__aeabi_ldivmod)
C:/nxp/MCUXpressoIDE_11.10.0_3148/ide/plugins/com.nxp.mcuxpresso.tools.win32_11.10.0.202311280810/tools/bin/../lib/gcc/arm-none-eabi/13.2.1/thumb/v7-m/nofp\libgcc.a(_aeabi_uldivmod.o)
                              C:\LEETC\SE\MCUXpressoIDE_11.10.0_3148\workspace\NSP\CMSIS_CORE_LPC17xx\Debug\libCMSIS_CORE_LPC17xx.a(system_LPC17xx.o) (__aeabi_uldivmod)
C:/nxp/MCUXpressoIDE_11.10.0_3148/ide/plugins/com.nxp.mcuxpresso.tools.win32_11.10.0.202311280810/tools/bin/../lib/gcc/arm-none-eabi/13.2.1/thumb/v7-m/nofp\libgcc.a(_udivmoddi4.o)
                              C:/nxp/MCUXpressoIDE_11.10.0_3148/ide/plugins/com.nxp.mcuxpresso.tools.win32_11.10.0.202311280810/tools/bin/../lib/gcc/arm-none-eabi/13.2.1/thumb/v7-m/nofp\libgcc.a(_aeabi_ldivmod.o) (__udivmoddi4)
C:/nxp/MCUXpressoIDE_11.10.0_3148/ide/plugins/com.nxp.mcuxpresso.tools.win32_11.10.0.202311280810/tools/bin/../lib/gcc/arm-none-eabi/13.2.1/thumb/v7-m/nofp\libgcc.a(_dvmd_tls.o)
                              C:/nxp/MCUXpressoIDE_11.10.0_3148/ide/plugins/com.nxp.mcuxpresso.tools.win32_11.10.0.202311280810/tools/bin/../lib/gcc/arm-none-eabi/13.2.1/thumb/v7-m/nofp\libgcc.a(_aeabi_ldivmod.o) (__aeabi_ldiv0)
C:/nxp/MCUXpressoIDE_11.10.0_3148/ide/plugins/com.nxp.mcuxpresso.tools.win32_11.10.0.202311280810/tools/bin/../lib/gcc/arm-none-eabi/13.2.1/thumb/v7-m/nofp\libc_nano.a(libc_a-memset.o)
                              C:\LEETC\SE\MCUXpressoIDE_11.10.0_3148\workspace\NSP\FreeRTOS-Kernel\Debug\libFreeRTOS-Kernel.a(tasks.o) (memset)
C:/nxp/MCUXpressoIDE_11.10.0_3148/ide/plugins/com.nxp.mcuxpresso.tools.win32_11.10.0.202311280810/tools/bin/../lib/gcc/arm-none-eabi/13.2.1/thumb/v7-m/nofp\libc_nano.a(libc_a-memcpy-stub.o)
                              C:\LEETC\SE\MCUXpressoIDE_11.10.0_3148\workspace\NSP\FreeRTOS-Kernel\Debug\libFreeRTOS-Kernel.a(queue.o) (memcpy)

Discarded input sections

 .group         0x00000000        0xc ./src/cr_startup_lpc175x_6x-FreeRTOS.o
 .text          0x00000000        0x0 ./src/cr_startup_lpc175x_6x-FreeRTOS.o
 .data          0x00000000        0x0 ./src/cr_startup_lpc175x_6x-FreeRTOS.o
 .bss           0x00000000        0x0 ./src/cr_startup_lpc175x_6x-FreeRTOS.o
 .group         0x00000000        0xc ./src/crp.o
 .group         0x00000000        0xc ./src/crp.o
 .text          0x00000000        0x0 ./src/crp.o
 .data          0x00000000        0x0 ./src/crp.o
 .bss           0x00000000        0x0 ./src/crp.o
 .debug_macro   0x00000000      0xaea ./src/crp.o
 .group         0x00000000        0xc ./src/main.o
 .group         0x00000000        0xc ./src/main.o
[...]
Memory Configuration

Name             Origin             Length             Attributes
MFlash512        0x00000000         0x00080000         xr
RamLoc32         0x10000000         0x00008000         xrw
RamAHB32         0x2007c000         0x00008000         xrw
*default*        0x00000000         0xffffffff

Linker script and memory map

LOAD ./src/cr_startup_lpc175x_6x-FreeRTOS.o
LOAD ./src/crp.o
LOAD ./src/main.o
LOAD ./src/printf-stdarg.o
LOAD C:\LEETC\SE\MCUXpressoIDE_11.10.0_3148\workspace\NSP\FreeRTOS_DRIVERS\Debug\libFreeRTOS_DRIVERS.a
LOAD C:\LEETC\SE\MCUXpressoIDE_11.10.0_3148\workspace\NSP\DRIVERS\Debug\libDRIVERS.a
LOAD C:\LEETC\SE\MCUXpressoIDE_11.10.0_3148\workspace\NSP\HAL\Debug(FreeRTOS)\libHAL.a
LOAD C:\LEETC\SE\MCUXpressoIDE_11.10.0_3148\workspace\NSP\FreeRTOS-Kernel\Debug\libFreeRTOS-Kernel.a
LOAD C:\LEETC\SE\MCUXpressoIDE_11.10.0_3148\workspace\NSP\HAL\libHALRunTime.a
LOAD C:\LEETC\SE\MCUXpressoIDE_11.10.0_3148\workspace\NSP\CMSIS_CORE_LPC17xx\Debug\libCMSIS_CORE_LPC17xx.a
START GROUP
LOAD C:/nxp/MCUXpressoIDE_11.10.0_3148/ide/plugins/com.nxp.mcuxpresso.tools.win32_11.10.0.202311280810/tools/bin/../lib/gcc/arm-none-eabi/13.2.1/thumb/v7-m/nofp\libgcc.a
LOAD C:/nxp/MCUXpressoIDE_11.10.0_3148/ide/plugins/com.nxp.mcuxpresso.tools.win32_11.10.0.202311280810/tools/bin/../lib/gcc/arm-none-eabi/13.2.1/thumb/v7-m/nofp\libc_nano.a
LOAD C:/nxp/MCUXpressoIDE_11.10.0_3148/ide/plugins/com.nxp.mcuxpresso.tools.win32_11.10.0.202311280810/tools/bin/../lib/gcc/arm-none-eabi/13.2.1/thumb/v7-m/nofp\libm.a
LOAD C:/nxp/MCUXpressoIDE_11.10.0_3148/ide/plugins/com.nxp.mcuxpresso.tools.win32_11.10.0.202311280810/tools/bin/../lib/gcc/arm-none-eabi/13.2.1/../../../../arm-none-eabi/lib/thumb/v7-m/nofp\libcr_newlib_nohost.a
END GROUP
                0x00000000                        __base_MFlash512 = 0x0
                0x00000000                        __base_Flash = 0x0
                0x00080000                        __top_MFlash512 = 0x80000
                0x00080000                        __top_Flash = 0x80000
                0x10000000                        __base_RamLoc32 = 0x10000000
                0x10000000                        __base_RAM = 0x10000000
                0x10008000                        __top_RamLoc32 = 0x10008000
                0x10008000                        __top_RAM = 0x10008000
                0x2007c000                        __base_RamAHB32 = 0x2007c000
                0x2007c000                        __base_RAM2 = 0x2007c000
                0x20084000                        __top_RamAHB32 = 0x20084000
                0x20084000                        __top_RAM2 = 0x20084000

.text           0x00000000     0x54c4
 FILL mask 0xff
                0x00000000                        __vectors_start__ = ABSOLUTE (.)
 *(.isr_vector)
 .isr_vector    0x00000000       0xcc ./src/cr_startup_lpc175x_6x-FreeRTOS.o
                0x00000000                g_pfnVectors
                0x000000cc                        . = ALIGN (0x4)
                0x000000cc                        __section_table_start = .
                0x000000cc                        __data_section_table = .
                0x000000cc        0x4 LONG 0x54c4 LOADADDR (.data)
                0x000000d0        0x4 LONG 0x10000000 ADDR (.data)
                0x000000d4        0x4 LONG 0x8 SIZEOF (.data)
                0x000000d8        0x4 LONG 0x54c4 LOADADDR (.data_RAM2)
                0x000000dc        0x4 LONG 0x2007c000 ADDR (.data_RAM2)
                0x000000e0        0x4 LONG 0x0 SIZEOF (.data_RAM2)
                0x000000e4                        __data_section_table_end = .
                0x000000e4                        __bss_section_table = .
                0x000000e4        0x4 LONG 0x10000008 ADDR (.bss)
                0x000000e8        0x4 LONG 0x499c SIZEOF (.bss)
                0x000000ec        0x4 LONG 0x2007c000 ADDR (.bss_RAM2)
                0x000000f0        0x4 LONG 0x0 SIZEOF (.bss_RAM2)
                0x000000f4                        __bss_section_table_end = .
                0x000000f4                        __section_table_end = .
 *(.after_vectors*)
 .after_vectors
                0x000000f4      0x148 ./src/cr_startup_lpc175x_6x-FreeRTOS.o
                0x000000f4                data_init
                0x00000138                bss_init
                0x00000170                ResetISR
                0x000001ec                NMI_Handler
                0x000001f4                HardFault_Handler
                0x000001fc                MemManage_Handler
                0x00000204                BusFault_Handler
                0x0000020c                UsageFault_Handler
                0x00000214                SVC_Handler
                0x0000021c                DebugMon_Handler
                0x00000224                PendSV_Handler
                0x0000022c                SysTick_Handler
                0x00000234                EINT3_IRQHandler
                0x00000234                CANActivity_IRQHandler
                0x00000234                TIMER3_IRQHandler
                0x00000234                UART0_IRQHandler
                0x00000234                UART1_IRQHandler
                0x00000234                EINT2_IRQHandler
                0x00000234                USBActivity_IRQHandler
                0x00000234                IntDefaultHandler
                0x00000234                PLL0_IRQHandler
                0x00000234                I2C0_IRQHandler
                0x00000234                I2C1_IRQHandler
                0x00000234                SSP0_IRQHandler
                0x00000234                I2S_IRQHandler
                0x00000234                I2C2_IRQHandler
                0x00000234                RTC_IRQHandler
                0x00000234                TIMER0_IRQHandler
                0x00000234                SPI_IRQHandler
                0x00000234                RIT_IRQHandler
                0x00000234                EINT1_IRQHandler
                0x00000234                TIMER1_IRQHandler
                0x00000234                UART2_IRQHandler
                0x00000234                ADC_IRQHandler
                0x00000234                SSP1_IRQHandler
                0x00000234                USB_IRQHandler
                0x00000234                BOD_IRQHandler
                0x00000234                PLL1_IRQHandler
                0x00000234                WDT_IRQHandler
                0x00000234                PWM1_IRQHandler
                0x00000234                QEI_IRQHandler
                0x00000234                EINT0_IRQHandler
                0x00000234                CAN_IRQHandler
                0x00000234                DMA_IRQHandler
                0x00000234                TIMER2_IRQHandler
                0x00000234                UART3_IRQHandler
                0x00000234                MCPWM_IRQHandler
                0x00000234                ENET_IRQHandler
                0x000002fc                        . = 0x2fc
 *fill*         0x0000023c       0xc0 ff
                0x000002fc                        PROVIDE (__CRP_WORD_START__ = .)
 *(.crp)
 .crp           0x000002fc        0x4 ./src/crp.o
                0x000002fc                CRP_WORD
                0x00000300                        PROVIDE (__CRP_WORD_END__ = .)
                0x00000001                        ASSERT (! ((__CRP_WORD_START__ == __CRP_WORD_END__)), Linker CRP Enabled, but no CRP_WORD provided within application)
 *(.text*)
 .text.main     0x00000300        0xc ./src/main.o
                0x00000300                main
 .text.vApplicationStackOverflowHook
                0x0000030c       0x1c ./src/main.o
                0x0000030c                vApplicationStackOverflowHook
 .text.vApplicationMallocFailedHook
                0x00000328       0x14 ./src/main.o
                0x00000328                vApplicationMallocFailedHook
 .text.__semihost
                0x0000033c       0x22 ./src/printf-stdarg.o
 .text.semihost_write
                0x0000035e       0x36 ./src/printf-stdarg.o
 .text.putchar  0x00000394       0x1c ./src/printf-stdarg.o
 .text.printchar
                0x000003b0       0x34 ./src/printf-stdarg.o
 .text.prints   0x000003e4       0xb0 ./src/printf-stdarg.o
 .text.printi   0x00000494       0xd8 ./src/printf-stdarg.o
 .text.print    0x0000056c      0x1d8 ./src/printf-stdarg.o
 .text.printf   0x00000744       0x28 ./src/printf-stdarg.o
                0x00000744                printf
 *fill*         0x0000076c        0x4 ff
 .text          0x00000770      0x280 C:\LEETC\SE\MCUXpressoIDE_11.10.0_3148\workspace\NSP\FreeRTOS-Kernel\Debug\libFreeRTOS-Kernel.a(port.o)
                0x00000770                pxPortInitialiseStack
                0x000007fa                vPortSVCHandler
                0x00000846                xPortStartScheduler
                0x000008a0                vPortEndScheduler
                0x000008ac                vPortEnterCritical
                0x000008e0                vPortExitCritical
                0x00000914                xPortPendSVHandler
                0x00000966                xPortSysTickHandler
                0x000009ac                vPortSetupTimerInterrupt
 .text          0x000009f0     0x2b7c C:\LEETC\SE\MCUXpressoIDE_11.10.0_3148\workspace\NSP\FreeRTOS-Kernel\Debug\libFreeRTOS-Kernel.a(tasks.o)
                0x00000a68                xTaskCreate
                0x00000cc4                vTaskDelete
                0x00000de4                xTaskDelayUntil
                0x00000e88                vTaskDelay
                0x00000ed0                eTaskGetState
                0x00000fc0                uxTaskPriorityGet
                0x00000ff4                uxTaskPriorityGetFromISR
                0x0000104c                uxTaskBasePriorityGet
                0x00001080                uxTaskBasePriorityGetFromISR
                0x000010d8                vTaskPrioritySet
                0x00001270                vTaskSuspend
                0x000013fc                vTaskResume
                0x000014f0                xTaskResumeFromISR
                0x000016a4                vTaskStartScheduler
                0x00001710                vTaskEndScheduler
                0x00001774                vTaskSuspendAll
                0x00001790                xTaskResumeAll
                0x00001980                xTaskGetTickCount
                0x0000199c                xTaskGetTickCountFromISR
                0x000019bc                uxTaskGetNumberOfTasks
                0x000019d0                pcTaskGetName
                0x000019fc                uxTaskGetSystemState
                0x00001b08                xTaskCatchUpTicks
                0x00001b3c                xTaskIncrementTick
                0x00001d4c                vTaskSwitchContext
                0x00001e34                vTaskPlaceOnEventList
                0x00001e60                vTaskPlaceOnUnorderedEventList
                0x00001ed0                vTaskPlaceOnEventListRestricted
                0x00001f40                xTaskRemoveFromEventList
                0x000020d4                vTaskRemoveFromUnorderedEventList
                0x00002218                vTaskSetTimeOutState
                0x00002248                vTaskInternalSetTimeOutState
                0x00002274                xTaskCheckForTimeOut
                0x00002308                vTaskMissedYield
                0x00002320                uxTaskGetTaskNumber
                0x0000234a                vTaskSetTaskNumber
                0x00002458                vTaskGetInfo
                0x0000266c                xTaskGetCurrentTaskHandle
                0x00002688                xTaskGetCurrentTaskHandleForCore
                0x000026b8                xTaskGetSchedulerState
                0x000026f4                xTaskPriorityInherit
                0x00002834                xTaskPriorityDisinherit
                0x0000293c                vTaskPriorityDisinheritAfterTimeout
                0x00002a6c                uxTaskResetEventItemValue
                0x00002a9c                pvTaskIncrementMutexHeldCount
                0x00002ac8                ulTaskGenericNotifyTake
                0x00002ba0                xTaskGenericNotifyWait
                0x00002ca8                xTaskGenericNotify
                0x00002e70                xTaskGenericNotifyFromISR
                0x000030ac                vTaskGenericNotifyGiveFromISR
                0x00003264                xTaskGenericNotifyStateClear
                0x000032bc                ulTaskGenericNotifyValueClear
                0x00003318                ulTaskGetRunTimeCounter
                0x00003344                ulTaskGetRunTimePercent
                0x0000349c                vTaskResetState
 .text          0x0000356c      0x7f0 C:\LEETC\SE\MCUXpressoIDE_11.10.0_3148\workspace\NSP\FreeRTOS-Kernel\Debug\libFreeRTOS-Kernel.a(timers.o)
                0x0000356c                xTimerCreateTimerTask
                0x000035b4                xTimerCreate
                0x0000364a                xTimerGenericCommandFromTask
                0x000036b4                xTimerGenericCommandFromISR
                0x00003700                xTimerGetTimerDaemonTaskHandle
                0x00003714                xTimerGetPeriod
                0x0000372e                vTimerSetReloadMode
                0x00003778                xTimerGetReloadMode
                0x000037ae                uxTimerGetReloadMode
                0x000037ca                xTimerGetExpiryTime
                0x000037e8                pcTimerGetName
                0x00003c8c                xTimerIsTimerActive
                0x00003cc2                pvTimerGetTimerID
                0x00003ce6                vTimerSetTimerID
                0x00003d0a                uxTimerGetTimerNumber
                0x00003d20                vTimerSetTimerNumber
                0x00003d3a                vTimerResetState
 .text          0x00003d5c      0x4cc C:\LEETC\SE\MCUXpressoIDE_11.10.0_3148\workspace\NSP\FreeRTOS-Kernel\Debug\libFreeRTOS-Kernel.a(heap_4.o)
                0x00003d5c                pvPortMalloc
                0x00003ec0                vPortFree
                0x00003f34                xPortGetFreeHeapSize
                0x00003f48                xPortGetMinimumEverFreeHeapSize
                0x00003f5c                vPortInitialiseBlocks
                0x00003f68                pvPortCalloc
                0x0000412c                vPortGetHeapStats
                0x000041e8                vPortHeapResetState
 .text          0x00004228      0x15e C:\LEETC\SE\MCUXpressoIDE_11.10.0_3148\workspace\NSP\FreeRTOS-Kernel\Debug\libFreeRTOS-Kernel.a(list.o)
                0x00004228                vListInitialise
                0x00004266                vListInitialiseItem
                0x0000427e                vListInsertEnd
                0x000042c4                vListInsert
                0x00004334                uxListRemove
 *fill*         0x00004386        0x2 ff
 .text          0x00004388      0xf94 C:\LEETC\SE\MCUXpressoIDE_11.10.0_3148\workspace\NSP\FreeRTOS-Kernel\Debug\libFreeRTOS-Kernel.a(queue.o)
                0x00004388                xQueueGenericReset
                0x00004470                xQueueGenericCreate
                0x00004568                xQueueCreateMutex
                0x00004598                xQueueCreateCountingSemaphore
                0x000045d6                xQueueGenericSend
                0x0000472c                xQueueGenericSendFromISR
                0x000047f6                xQueueGiveFromISR
                0x000048ae                xQueueReceive
                0x000049f4                xQueueSemaphoreTake
                0x00004b84                xQueuePeek
                0x00004ccc                xQueueReceiveFromISR
                0x00004d8e                xQueuePeekFromISR
                0x00004df4                uxQueueMessagesWaiting
                0x00004e14                uxQueueSpacesAvailable
                0x00004e3e                uxQueueMessagesWaitingFromISR
                0x00004e5c                vQueueDelete
                0x00004e7c                uxQueueGetQueueNumber
                0x00004e92                vQueueSetQueueNumber
                0x00004eac                ucQueueGetQueueType
                0x00004ec4                uxQueueGetQueueItemSize
                0x00004eda                uxQueueGetQueueLength
                0x0000510e                xQueueIsQueueEmptyFromISR
                0x00005168                xQueueIsQueueFullFromISR
                0x00005196                vQueueAddToRegistry
                0x00005214                pcQueueGetName
                0x00005260                vQueueUnregisterQueue
                0x000052b4                vQueueWaitForMessageRestricted
 .text.TIMER_RuntimeStatsConfig
                0x0000531c       0x4c C:\LEETC\SE\MCUXpressoIDE_11.10.0_3148\workspace\NSP\HAL\libHALRunTime.a(wait.o)
                0x0000531c                TIMER_RuntimeStatsConfig
 .text.TIMER_RuntimeStatsGet
                0x00005368        0xc C:\LEETC\SE\MCUXpressoIDE_11.10.0_3148\workspace\NSP\HAL\libHALRunTime.a(wait.o)
                0x00005368                TIMER_RuntimeStatsGet
 .text.SystemInit
                0x00005374       0xd8 C:\LEETC\SE\MCUXpressoIDE_11.10.0_3148\workspace\NSP\CMSIS_CORE_LPC17xx\Debug\libCMSIS_CORE_LPC17xx.a(system_LPC17xx.o)
                0x00005374                SystemInit
 .text.memset   0x0000544c       0x10 C:/nxp/MCUXpressoIDE_11.10.0_3148/ide/plugins/com.nxp.mcuxpresso.tools.win32_11.10.0.202311280810/tools/bin/../lib/gcc/arm-none-eabi/13.2.1/thumb/v7-m/nofp\libc_nano.a(libc_a-memset.o)
                0x0000544c                memset
 .text.memcpy   0x0000545c       0x1c C:/nxp/MCUXpressoIDE_11.10.0_3148/ide/plugins/com.nxp.mcuxpresso.tools.win32_11.10.0.202311280810/tools/bin/../lib/gcc/arm-none-eabi/13.2.1/thumb/v7-m/nofp\libc_nano.a(libc_a-memcpy-stub.o)
                0x0000545c                memcpy
 */tasks.o(.rodata*)
 *(.rodata .rodata.* .constdata .constdata.*)
 .rodata.vApplicationStackOverflowHook.str1.4
                0x00005478       0x45 ./src/main.o
                                 0x14 (size before relaxing)
 .rodata.vApplicationMallocFailedHook.str1.4
                0x000054bd       0x13 ./src/main.o
 .rodata.print.str1.4
                0x000054bd        0x7 ./src/printf-stdarg.o
 *fill*         0x000054bd        0x3 ff
 .rodata        0x000054c0        0x4 C:\LEETC\SE\MCUXpressoIDE_11.10.0_3148\workspace\NSP\FreeRTOS-Kernel\Debug\libFreeRTOS-Kernel.a(tasks.o)
 .rodata.str1.4
                0x000054c4        0x5 C:\LEETC\SE\MCUXpressoIDE_11.10.0_3148\workspace\NSP\FreeRTOS-Kernel\Debug\libFreeRTOS-Kernel.a(tasks.o)
 .rodata.str1.4
                0x000054c4        0xd C:\LEETC\SE\MCUXpressoIDE_11.10.0_3148\workspace\NSP\FreeRTOS-Kernel\Debug\libFreeRTOS-Kernel.a(timers.o)
                0x000054d4                        . = ALIGN (0x4)

.glue_7         0x000054c4        0x0
 .glue_7        0x000054c4        0x0 linker stubs

.glue_7t        0x000054c4        0x0
 .glue_7t       0x000054c4        0x0 linker stubs

.vfp11_veneer   0x000054c4        0x0
 .vfp11_veneer  0x000054c4        0x0 linker stubs

.v4_bx          0x000054c4        0x0
 .v4_bx         0x000054c4        0x0 linker stubs

.iplt           0x000054c4        0x0
 .iplt          0x000054c4        0x0 ./src/cr_startup_lpc175x_6x-FreeRTOS.o

.rel.dyn        0x000054c4        0x0
 .rel.iplt      0x000054c4        0x0 ./src/cr_startup_lpc175x_6x-FreeRTOS.o

.ARM.extab
 *(.ARM.extab* .gnu.linkonce.armextab.*)

.ARM.exidx      0x000054c4        0x0
                0x000054c4                        __exidx_start = .
 *(.ARM.exidx* .gnu.linkonce.armexidx.*)
                0x000054c4                        __exidx_end = .
                0x000054c4                        _etext = .

.data_RAM2      0x2007c000        0x0 load address 0x000054c4
 FILL mask 0xff
                [!provide]                        PROVIDE (__start_data_RAM2 = .)
                [!provide]                        PROVIDE (__start_data_RamAHB32 = .)
 *(.ramfunc.$RAM2)
 *(.ramfunc.$RamAHB32)
 *(.data.$RAM2)
 *(.data.$RamAHB32)
 *(.data.$RAM2.*)
 *(.data.$RamAHB32.*)
                0x2007c000                        . = ALIGN (0x4)
                [!provide]                        PROVIDE (__end_data_RAM2 = .)
                [!provide]                        PROVIDE (__end_data_RamAHB32 = .)

.uninit_RESERVED
                0x10000000        0x0
                0x10000000                        _start_uninit_RESERVED = .
 *(.bss.$RESERVED*)
                0x10000000                        . = ALIGN (0x4)
                0x10000000                        _end_uninit_RESERVED = .

.data           0x10000000        0x8 load address 0x000054c4
 FILL mask 0xff
                0x10000000                        _data = .
                [!provide]                        PROVIDE (__start_data_RAM = .)
                [!provide]                        PROVIDE (__start_data_RamLoc32 = .)
 *(vtable)
 *(.ramfunc*)
 *(CodeQuickAccess)
 *(DataQuickAccess)
 *(RamFunction)
 *(.data*)
 .data          0x10000000        0x4 C:\LEETC\SE\MCUXpressoIDE_11.10.0_3148\workspace\NSP\FreeRTOS-Kernel\Debug\libFreeRTOS-Kernel.a(port.o)
 .data.SystemCoreClock
                0x10000004        0x4 C:\LEETC\SE\MCUXpressoIDE_11.10.0_3148\workspace\NSP\CMSIS_CORE_LPC17xx\Debug\libCMSIS_CORE_LPC17xx.a(system_LPC17xx.o)
                0x10000004                SystemCoreClock
                0x10000008                        . = ALIGN (0x4)
                0x10000008                        _edata = .
                [!provide]                        PROVIDE (__end_data_RAM = .)
                [!provide]                        PROVIDE (__end_data_RamLoc32 = .)

.igot.plt       0x10000008        0x0 load address 0x000054cc
 .igot.plt      0x10000008        0x0 ./src/cr_startup_lpc175x_6x-FreeRTOS.o

.bss_RAM2       0x2007c000        0x0
                [!provide]                        PROVIDE (__start_bss_RAM2 = .)
                [!provide]                        PROVIDE (__start_bss_RamAHB32 = .)
 *(.bss.$RAM2)
 *(.bss.$RamAHB32)
 *(.bss.$RAM2.*)
 *(.bss.$RamAHB32.*)
                0x2007c000                        . = ALIGN ((. != 0x0)?0x4:0x1)
                [!provide]                        PROVIDE (__end_bss_RAM2 = .)
                [!provide]                        PROVIDE (__end_bss_RamAHB32 = .)

.bss            0x10000008     0x499c
                0x10000008                        _bss = .
                [!provide]                        PROVIDE (__start_bss_RAM = .)
                [!provide]                        PROVIDE (__start_bss_RamLoc32 = .)
 *(.bss*)
 .bss           0x10000008      0x10c C:\LEETC\SE\MCUXpressoIDE_11.10.0_3148\workspace\NSP\FreeRTOS-Kernel\Debug\libFreeRTOS-Kernel.a(tasks.o)
                0x10000008                pxCurrentTCB
 .bss           0x10000114       0x3c C:\LEETC\SE\MCUXpressoIDE_11.10.0_3148\workspace\NSP\FreeRTOS-Kernel\Debug\libFreeRTOS-Kernel.a(timers.o)
 .bss           0x10000150     0x481c C:\LEETC\SE\MCUXpressoIDE_11.10.0_3148\workspace\NSP\FreeRTOS-Kernel\Debug\libFreeRTOS-Kernel.a(heap_4.o)
 .bss           0x1000496c       0x38 C:\LEETC\SE\MCUXpressoIDE_11.10.0_3148\workspace\NSP\FreeRTOS-Kernel\Debug\libFreeRTOS-Kernel.a(queue.o)
                0x1000496c                xQueueRegistry
 *(COMMON)
                0x100049a4                        . = ALIGN (0x4)
                0x100049a4                        _ebss = .
                [!provide]                        PROVIDE (__end_bss_RAM = .)
                [!provide]                        PROVIDE (__end_bss_RamLoc32 = .)
                [!provide]                        PROVIDE (end = .)

.noinit_RAM2    0x2007c000        0x0
                [!provide]                        PROVIDE (__start_noinit_RAM2 = .)
                [!provide]                        PROVIDE (__start_noinit_RamAHB32 = .)
 *(.noinit.$RAM2)
 *(.noinit.$RamAHB32)
 *(.noinit.$RAM2.*)
 *(.noinit.$RamAHB32.*)
                0x2007c000                        . = ALIGN (0x4)
                [!provide]                        PROVIDE (__end_noinit_RAM2 = .)
                [!provide]                        PROVIDE (__end_noinit_RamAHB32 = .)

.noinit         0x100049a4        0x0
                0x100049a4                        _noinit = .
                [!provide]                        PROVIDE (__start_noinit_RAM = .)
                [!provide]                        PROVIDE (__start_noinit_RamLoc32 = .)
 *(.noinit*)
                0x100049a4                        . = ALIGN (0x4)
                0x100049a4                        _end_noinit = .
                [!provide]                        PROVIDE (__end_noinit_RAM = .)
                [!provide]                        PROVIDE (__end_noinit_RamLoc32 = .)
                [!provide]                        PROVIDE (_pvHeapStart = DEFINED (__user_heap_base)?__user_heap_base:.)
                0x10008000                        PROVIDE (_vStackTop = DEFINED (__user_stack_top)?__user_stack_top:(__top_RamLoc32 - 0x0))
                0xefff749e                        PROVIDE (__valid_user_code_checksum = (0x0 - ((((((_vStackTop + (ResetISR + 0x1)) + (NMI_Handler + 0x1)) + (HardFault_Handler + 0x1)) + (DEFINED (MemManage_Handler)?MemManage_Handler:0x0 + 0x1)) + (DEFINED (BusFault_Handler)?BusFault_Handler:0x0 + 0x1)) + (DEFINED (UsageFault_Handler)?UsageFault_Handler:0x0 + 0x1))))
                0x00000000                        _image_start = LOADADDR (.text)
                0x000054cc                        _image_end = (LOADADDR (.data) + SIZEOF (.data))
                0x000054cc                        _image_size = (_image_end - _image_start)
OUTPUT(FreeRTOS-Template.axf elf32-littlearm)
LOAD linker stubs

.debug_info     0x00000000     0x6332
 .debug_info    0x00000000      0x2cb ./src/cr_startup_lpc175x_6x-FreeRTOS.o
 .debug_info    0x000002cb       0x40 ./src/crp.o
 .debug_info    0x0000030b      0x128 ./src/main.o
 .debug_info    0x00000433      0x3fd ./src/printf-stdarg.o
 .debug_info    0x00000830      0x345 C:\LEETC\SE\MCUXpressoIDE_11.10.0_3148\workspace\NSP\FreeRTOS-Kernel\Debug\libFreeRTOS-Kernel.a(port.o)
 .debug_info    0x00000b75     0x24fe C:\LEETC\SE\MCUXpressoIDE_11.10.0_3148\workspace\NSP\FreeRTOS-Kernel\Debug\libFreeRTOS-Kernel.a(tasks.o)
 .debug_info    0x00003073      0xddc C:\LEETC\SE\MCUXpressoIDE_11.10.0_3148\workspace\NSP\FreeRTOS-Kernel\Debug\libFreeRTOS-Kernel.a(timers.o)
 .debug_info    0x00003e4f      0x4e8 C:\LEETC\SE\MCUXpressoIDE_11.10.0_3148\workspace\NSP\FreeRTOS-Kernel\Debug\libFreeRTOS-Kernel.a(heap_4.o)
 .debug_info    0x00004337      0x2cc C:\LEETC\SE\MCUXpressoIDE_11.10.0_3148\workspace\NSP\FreeRTOS-Kernel\Debug\libFreeRTOS-Kernel.a(list.o)
 .debug_info    0x00004603     0x1434 C:\LEETC\SE\MCUXpressoIDE_11.10.0_3148\workspace\NSP\FreeRTOS-Kernel\Debug\libFreeRTOS-Kernel.a(queue.o)
 .debug_info    0x00005a37      0x5b4 C:\LEETC\SE\MCUXpressoIDE_11.10.0_3148\workspace\NSP\HAL\libHALRunTime.a(wait.o)
 .debug_info    0x00005feb      0x347 C:\LEETC\SE\MCUXpressoIDE_11.10.0_3148\workspace\NSP\CMSIS_CORE_LPC17xx\Debug\libCMSIS_CORE_LPC17xx.a(system_LPC17xx.o)

.debug_abbrev   0x00000000     0x15a8
 .debug_abbrev  0x00000000      0x180 ./src/cr_startup_lpc175x_6x-FreeRTOS.o
 .debug_abbrev  0x00000180       0x38 ./src/crp.o
 .debug_abbrev  0x000001b8       0xf5 ./src/main.o
 .debug_abbrev  0x000002ad      0x157 ./src/printf-stdarg.o
 .debug_abbrev  0x00000404      0x24b C:\LEETC\SE\MCUXpressoIDE_11.10.0_3148\workspace\NSP\FreeRTOS-Kernel\Debug\libFreeRTOS-Kernel.a(port.o)
 .debug_abbrev  0x0000064f      0x384 C:\LEETC\SE\MCUXpressoIDE_11.10.0_3148\workspace\NSP\FreeRTOS-Kernel\Debug\libFreeRTOS-Kernel.a(tasks.o)
 .debug_abbrev  0x000009d3      0x2b8 C:\LEETC\SE\MCUXpressoIDE_11.10.0_3148\workspace\NSP\FreeRTOS-Kernel\Debug\libFreeRTOS-Kernel.a(timers.o)
 .debug_abbrev  0x00000c8b      0x1ec C:\LEETC\SE\MCUXpressoIDE_11.10.0_3148\workspace\NSP\FreeRTOS-Kernel\Debug\libFreeRTOS-Kernel.a(heap_4.o)
 .debug_abbrev  0x00000e77       0xeb C:\LEETC\SE\MCUXpressoIDE_11.10.0_3148\workspace\NSP\FreeRTOS-Kernel\Debug\libFreeRTOS-Kernel.a(list.o)
 .debug_abbrev  0x00000f62      0x2ff C:\LEETC\SE\MCUXpressoIDE_11.10.0_3148\workspace\NSP\FreeRTOS-Kernel\Debug\libFreeRTOS-Kernel.a(queue.o)
 .debug_abbrev  0x00001261      0x239 C:\LEETC\SE\MCUXpressoIDE_11.10.0_3148\workspace\NSP\HAL\libHALRunTime.a(wait.o)
 .debug_abbrev  0x0000149a      0x10e C:\LEETC\SE\MCUXpressoIDE_11.10.0_3148\workspace\NSP\CMSIS_CORE_LPC17xx\Debug\libCMSIS_CORE_LPC17xx.a(system_LPC17xx.o)

.debug_aranges  0x00000000      0x260
 .debug_aranges
                0x00000000       0x80 ./src/cr_startup_lpc175x_6x-FreeRTOS.o
 .debug_aranges
                0x00000080       0x18 ./src/crp.o
 .debug_aranges
                0x00000098       0x30 ./src/main.o
 .debug_aranges
                0x000000c8       0x58 ./src/printf-stdarg.o
 .debug_aranges
                0x00000120       0x20 C:\LEETC\SE\MCUXpressoIDE_11.10.0_3148\workspace\NSP\FreeRTOS-Kernel\Debug\libFreeRTOS-Kernel.a(port.o)
 .debug_aranges
                0x00000140       0x20 C:\LEETC\SE\MCUXpressoIDE_11.10.0_3148\workspace\NSP\FreeRTOS-Kernel\Debug\libFreeRTOS-Kernel.a(tasks.o)
 .debug_aranges
                0x00000160       0x20 C:\LEETC\SE\MCUXpressoIDE_11.10.0_3148\workspace\NSP\FreeRTOS-Kernel\Debug\libFreeRTOS-Kernel.a(timers.o)
 .debug_aranges
                0x00000180       0x20 C:\LEETC\SE\MCUXpressoIDE_11.10.0_3148\workspace\NSP\FreeRTOS-Kernel\Debug\libFreeRTOS-Kernel.a(heap_4.o)
 .debug_aranges
                0x000001a0       0x20 C:\LEETC\SE\MCUXpressoIDE_11.10.0_3148\workspace\NSP\FreeRTOS-Kernel\Debug\libFreeRTOS-Kernel.a(list.o)
 .debug_aranges
                0x000001c0       0x20 C:\LEETC\SE\MCUXpressoIDE_11.10.0_3148\workspace\NSP\FreeRTOS-Kernel\Debug\libFreeRTOS-Kernel.a(queue.o)
 .debug_aranges
                0x000001e0       0x58 C:\LEETC\SE\MCUXpressoIDE_11.10.0_3148\workspace\NSP\HAL\libHALRunTime.a(wait.o)
 .debug_aranges
                0x00000238       0x28 C:\LEETC\SE\MCUXpressoIDE_11.10.0_3148\workspace\NSP\CMSIS_CORE_LPC17xx\Debug\libCMSIS_CORE_LPC17xx.a(system_LPC17xx.o)

.debug_ranges   0x00000000      0x158
 .debug_ranges  0x00000000       0x70 ./src/cr_startup_lpc175x_6x-FreeRTOS.o
 .debug_ranges  0x00000070       0x20 ./src/main.o
 .debug_ranges  0x00000090       0x48 ./src/printf-stdarg.o
 .debug_ranges  0x000000d8       0x20 C:\LEETC\SE\MCUXpressoIDE_11.10.0_3148\workspace\NSP\FreeRTOS-Kernel\Debug\libFreeRTOS-Kernel.a(tasks.o)
 .debug_ranges  0x000000f8       0x48 C:\LEETC\SE\MCUXpressoIDE_11.10.0_3148\workspace\NSP\HAL\libHALRunTime.a(wait.o)
 .debug_ranges  0x00000140       0x18 C:\LEETC\SE\MCUXpressoIDE_11.10.0_3148\workspace\NSP\CMSIS_CORE_LPC17xx\Debug\libCMSIS_CORE_LPC17xx.a(system_LPC17xx.o)

.debug_macro    0x00000000     0x76f4
 .debug_macro   0x00000000       0x1d ./src/cr_startup_lpc175x_6x-FreeRTOS.o
 .debug_macro   0x0000001d      0xaea ./src/cr_startup_lpc175x_6x-FreeRTOS.o
 .debug_macro   0x00000b07       0x1a ./src/crp.o
 .debug_macro   0x00000b21       0x34 ./src/crp.o
 .debug_macro   0x00000b55      0x2bd ./src/main.o
 .debug_macro   0x00000e12       0x22 ./src/main.o
 .debug_macro   0x00000e34       0x5b ./src/main.o
 .debug_macro   0x00000e8f       0x24 ./src/main.o
 .debug_macro   0x00000eb3       0x94 ./src/main.o
 .debug_macro   0x00000f47       0x43 ./src/main.o
 .debug_macro   0x00000f8a       0x34 ./src/main.o
 .debug_macro   0x00000fbe       0x57 ./src/main.o
 .debug_macro   0x00001015      0x190 ./src/main.o
 .debug_macro   0x000011a5      0x370 ./src/main.o
 .debug_macro   0x00001515       0x16 ./src/main.o
 .debug_macro   0x0000152b       0x4a ./src/main.o
 .debug_macro   0x00001575       0x34 ./src/main.o
 .debug_macro   0x000015a9       0x10 ./src/main.o
 .debug_macro   0x000015b9       0x58 ./src/main.o
 .debug_macro   0x00001611       0x8e ./src/main.o
 .debug_macro   0x0000169f       0x1c ./src/main.o
 .debug_macro   0x000016bb      0x177 ./src/main.o
 .debug_macro   0x00001832       0x10 ./src/main.o
 .debug_macro   0x00001842       0x3c ./src/main.o
 .debug_macro   0x0000187e       0x10 ./src/main.o
 .debug_macro   0x0000188e       0x10 ./src/main.o
 .debug_macro   0x0000189e       0x10 ./src/main.o
 .debug_macro   0x000018ae       0x6a ./src/main.o
 .debug_macro   0x00001918       0x1c ./src/main.o
 .debug_macro   0x00001934       0x52 ./src/main.o
 .debug_macro   0x00001986       0x22 ./src/main.o
 .debug_macro   0x000019a8       0x10 ./src/main.o
 .debug_macro   0x000019b8       0x52 ./src/main.o
 .debug_macro   0x00001a0a       0xcf ./src/main.o
 .debug_macro   0x00001ad9       0x1c ./src/main.o
 .debug_macro   0x00001af5       0x3d ./src/main.o
 .debug_macro   0x00001b32       0x35 ./src/main.o
 .debug_macro   0x00001b67       0x1c ./src/main.o
 .debug_macro   0x00001b83       0x10 ./src/main.o
 .debug_macro   0x00001b93       0x10 ./src/main.o
 .debug_macro   0x00001ba3       0x16 ./src/main.o
 .debug_macro   0x00001bb9      0x146 ./src/main.o
 .debug_macro   0x00001cff       0x22 ./src/main.o
 .debug_macro   0x00001d21      0x103 ./src/main.o
 .debug_macro   0x00001e24      0x1df ./src/main.o
 .debug_macro   0x00002003       0x16 ./src/main.o
 .debug_macro   0x00002019       0x1c ./src/main.o
 .debug_macro   0x00002035       0x3a ./src/main.o
 .debug_macro   0x0000206f       0x2d ./src/main.o
 .debug_macro   0x0000209c      0xbb1 ./src/main.o
 .debug_macro   0x00002c4d      0x2c7 ./src/main.o
 .debug_macro   0x00002f14      0x107 ./src/main.o
 .debug_macro   0x0000301b       0x1c ./src/main.o
 .debug_macro   0x00003037      0x182 ./src/main.o
 .debug_macro   0x000031b9       0xe0 ./src/main.o
 .debug_macro   0x00003299       0x2e ./src/main.o
 .debug_macro   0x000032c7       0x1f ./src/main.o
 .debug_macro   0x000032e6       0x12 ./src/main.o
 .debug_macro   0x000032f8     0x10da ./src/main.o
 .debug_macro   0x000043d2       0xc3 ./src/main.o
 .debug_macro   0x00004495      0x14f ./src/main.o
 .debug_macro   0x000045e4       0x80 ./src/main.o
 .debug_macro   0x00004664       0x45 ./src/printf-stdarg.o
 .debug_macro   0x000046a9       0x58 ./src/printf-stdarg.o
 .debug_macro   0x00004701      0x1ec C:\LEETC\SE\MCUXpressoIDE_11.10.0_3148\workspace\NSP\FreeRTOS-Kernel\Debug\libFreeRTOS-Kernel.a(port.o)
 .debug_macro   0x000048ed      0xac6 C:\LEETC\SE\MCUXpressoIDE_11.10.0_3148\workspace\NSP\FreeRTOS-Kernel\Debug\libFreeRTOS-Kernel.a(port.o)
 .debug_macro   0x000053b3       0x8e C:\LEETC\SE\MCUXpressoIDE_11.10.0_3148\workspace\NSP\FreeRTOS-Kernel\Debug\libFreeRTOS-Kernel.a(port.o)
 .debug_macro   0x00005441       0x51 C:\LEETC\SE\MCUXpressoIDE_11.10.0_3148\workspace\NSP\FreeRTOS-Kernel\Debug\libFreeRTOS-Kernel.a(port.o)
 .debug_macro   0x00005492      0x2fb C:\LEETC\SE\MCUXpressoIDE_11.10.0_3148\workspace\NSP\FreeRTOS-Kernel\Debug\libFreeRTOS-Kernel.a(tasks.o)
 .debug_macro   0x0000578d       0x16 C:\LEETC\SE\MCUXpressoIDE_11.10.0_3148\workspace\NSP\FreeRTOS-Kernel\Debug\libFreeRTOS-Kernel.a(tasks.o)
 .debug_macro   0x000057a3      0x11c C:\LEETC\SE\MCUXpressoIDE_11.10.0_3148\workspace\NSP\FreeRTOS-Kernel\Debug\libFreeRTOS-Kernel.a(tasks.o)
 .debug_macro   0x000058bf       0x9b C:\LEETC\SE\MCUXpressoIDE_11.10.0_3148\workspace\NSP\FreeRTOS-Kernel\Debug\libFreeRTOS-Kernel.a(tasks.o)
 .debug_macro   0x0000595a       0x16 C:\LEETC\SE\MCUXpressoIDE_11.10.0_3148\workspace\NSP\FreeRTOS-Kernel\Debug\libFreeRTOS-Kernel.a(tasks.o)
 .debug_macro   0x00005970       0x29 C:\LEETC\SE\MCUXpressoIDE_11.10.0_3148\workspace\NSP\FreeRTOS-Kernel\Debug\libFreeRTOS-Kernel.a(tasks.o)
 .debug_macro   0x00005999       0x16 C:\LEETC\SE\MCUXpressoIDE_11.10.0_3148\workspace\NSP\FreeRTOS-Kernel\Debug\libFreeRTOS-Kernel.a(tasks.o)
 .debug_macro   0x000059af       0x98 C:\LEETC\SE\MCUXpressoIDE_11.10.0_3148\workspace\NSP\FreeRTOS-Kernel\Debug\libFreeRTOS-Kernel.a(tasks.o)
 .debug_macro   0x00005a47       0x16 C:\LEETC\SE\MCUXpressoIDE_11.10.0_3148\workspace\NSP\FreeRTOS-Kernel\Debug\libFreeRTOS-Kernel.a(tasks.o)
 .debug_macro   0x00005a5d      0x232 C:\LEETC\SE\MCUXpressoIDE_11.10.0_3148\workspace\NSP\FreeRTOS-Kernel\Debug\libFreeRTOS-Kernel.a(timers.o)
 .debug_macro   0x00005c8f       0x9e C:\LEETC\SE\MCUXpressoIDE_11.10.0_3148\workspace\NSP\FreeRTOS-Kernel\Debug\libFreeRTOS-Kernel.a(timers.o)
 .debug_macro   0x00005d2d      0x273 C:\LEETC\SE\MCUXpressoIDE_11.10.0_3148\workspace\NSP\FreeRTOS-Kernel\Debug\libFreeRTOS-Kernel.a(heap_4.o)
 .debug_macro   0x00005fa0      0x1e3 C:\LEETC\SE\MCUXpressoIDE_11.10.0_3148\workspace\NSP\FreeRTOS-Kernel\Debug\libFreeRTOS-Kernel.a(list.o)
 .debug_macro   0x00006183      0x275 C:\LEETC\SE\MCUXpressoIDE_11.10.0_3148\workspace\NSP\FreeRTOS-Kernel\Debug\libFreeRTOS-Kernel.a(queue.o)
 .debug_macro   0x000063f8      0x12d C:\LEETC\SE\MCUXpressoIDE_11.10.0_3148\workspace\NSP\CMSIS_CORE_LPC17xx\Debug\libCMSIS_CORE_LPC17xx.a(system_LPC17xx.o)
 .debug_macro   0x00006525      0xade C:\LEETC\SE\MCUXpressoIDE_11.10.0_3148\workspace\NSP\CMSIS_CORE_LPC17xx\Debug\libCMSIS_CORE_LPC17xx.a(system_LPC17xx.o)
 .debug_macro   0x00007003       0x10 C:\LEETC\SE\MCUXpressoIDE_11.10.0_3148\workspace\NSP\CMSIS_CORE_LPC17xx\Debug\libCMSIS_CORE_LPC17xx.a(system_LPC17xx.o)
 .debug_macro   0x00007013      0x12e C:\LEETC\SE\MCUXpressoIDE_11.10.0_3148\workspace\NSP\CMSIS_CORE_LPC17xx\Debug\libCMSIS_CORE_LPC17xx.a(system_LPC17xx.o)
 .debug_macro   0x00007141      0x5b3 C:\LEETC\SE\MCUXpressoIDE_11.10.0_3148\workspace\NSP\CMSIS_CORE_LPC17xx\Debug\libCMSIS_CORE_LPC17xx.a(system_LPC17xx.o)

.debug_line     0x00000000     0x5b3d
 .debug_line    0x00000000      0x127 ./src/cr_startup_lpc175x_6x-FreeRTOS.o
 .debug_line    0x00000127       0xb8 ./src/crp.o
 .debug_line    0x000001df      0x703 ./src/main.o
 .debug_line    0x000008e2      0x43e ./src/printf-stdarg.o
 .debug_line    0x00000d20      0x62d C:\LEETC\SE\MCUXpressoIDE_11.10.0_3148\workspace\NSP\FreeRTOS-Kernel\Debug\libFreeRTOS-Kernel.a(port.o)
 .debug_line    0x0000134d     0x17bf C:\LEETC\SE\MCUXpressoIDE_11.10.0_3148\workspace\NSP\FreeRTOS-Kernel\Debug\libFreeRTOS-Kernel.a(tasks.o)
 .debug_line    0x00002b0c      0x9d7 C:\LEETC\SE\MCUXpressoIDE_11.10.0_3148\workspace\NSP\FreeRTOS-Kernel\Debug\libFreeRTOS-Kernel.a(timers.o)
 .debug_line    0x000034e3      0x8d3 C:\LEETC\SE\MCUXpressoIDE_11.10.0_3148\workspace\NSP\FreeRTOS-Kernel\Debug\libFreeRTOS-Kernel.a(heap_4.o)
 .debug_line    0x00003db6      0x6d2 C:\LEETC\SE\MCUXpressoIDE_11.10.0_3148\workspace\NSP\FreeRTOS-Kernel\Debug\libFreeRTOS-Kernel.a(list.o)
 .debug_line    0x00004488      0xee2 C:\LEETC\SE\MCUXpressoIDE_11.10.0_3148\workspace\NSP\FreeRTOS-Kernel\Debug\libFreeRTOS-Kernel.a(queue.o)
 .debug_line    0x0000536a      0x378 C:\LEETC\SE\MCUXpressoIDE_11.10.0_3148\workspace\NSP\HAL\libHALRunTime.a(wait.o)
 .debug_line    0x000056e2      0x45b C:\LEETC\SE\MCUXpressoIDE_11.10.0_3148\workspace\NSP\CMSIS_CORE_LPC17xx\Debug\libCMSIS_CORE_LPC17xx.a(system_LPC17xx.o)

.debug_str      0x00000000    0x1f27d
 .debug_str     0x00000000    0x1f27d ./src/cr_startup_lpc175x_6x-FreeRTOS.o
                               0x30e4 (size before relaxing)
 .debug_str     0x0001f27d     0x2f8f ./src/crp.o
 .debug_str     0x0001f27d    0x18dae ./src/main.o
 .debug_str     0x0001f27d     0x3121 ./src/printf-stdarg.o
 .debug_str     0x0001f27d    0x14c19 C:\LEETC\SE\MCUXpressoIDE_11.10.0_3148\workspace\NSP\FreeRTOS-Kernel\Debug\libFreeRTOS-Kernel.a(port.o)
 .debug_str     0x0001f27d    0x19c93 C:\LEETC\SE\MCUXpressoIDE_11.10.0_3148\workspace\NSP\FreeRTOS-Kernel\Debug\libFreeRTOS-Kernel.a(tasks.o)
 .debug_str     0x0001f27d    0x18eb5 C:\LEETC\SE\MCUXpressoIDE_11.10.0_3148\workspace\NSP\FreeRTOS-Kernel\Debug\libFreeRTOS-Kernel.a(timers.o)
 .debug_str     0x0001f27d    0x17ddc C:\LEETC\SE\MCUXpressoIDE_11.10.0_3148\workspace\NSP\FreeRTOS-Kernel\Debug\libFreeRTOS-Kernel.a(heap_4.o)
 .debug_str     0x0001f27d    0x162d7 C:\LEETC\SE\MCUXpressoIDE_11.10.0_3148\workspace\NSP\FreeRTOS-Kernel\Debug\libFreeRTOS-Kernel.a(list.o)
 .debug_str     0x0001f27d    0x18b2e C:\LEETC\SE\MCUXpressoIDE_11.10.0_3148\workspace\NSP\FreeRTOS-Kernel\Debug\libFreeRTOS-Kernel.a(queue.o)
 .debug_str     0x0001f27d      0x3f9 C:\LEETC\SE\MCUXpressoIDE_11.10.0_3148\workspace\NSP\HAL\libHALRunTime.a(wait.o)
 .debug_str     0x0001f27d     0xa2a0 C:\LEETC\SE\MCUXpressoIDE_11.10.0_3148\workspace\NSP\CMSIS_CORE_LPC17xx\Debug\libCMSIS_CORE_LPC17xx.a(system_LPC17xx.o)

.comment        0x00000000       0x44
 .comment       0x00000000       0x44 ./src/cr_startup_lpc175x_6x-FreeRTOS.o
                                 0x45 (size before relaxing)
 .comment       0x00000044       0x45 ./src/crp.o
 .comment       0x00000044       0x45 ./src/main.o
 .comment       0x00000044       0x45 ./src/printf-stdarg.o
 .comment       0x00000044       0x45 C:\LEETC\SE\MCUXpressoIDE_11.10.0_3148\workspace\NSP\FreeRTOS-Kernel\Debug\libFreeRTOS-Kernel.a(port.o)
 .comment       0x00000044       0x45 C:\LEETC\SE\MCUXpressoIDE_11.10.0_3148\workspace\NSP\FreeRTOS-Kernel\Debug\libFreeRTOS-Kernel.a(tasks.o)
 .comment       0x00000044       0x45 C:\LEETC\SE\MCUXpressoIDE_11.10.0_3148\workspace\NSP\FreeRTOS-Kernel\Debug\libFreeRTOS-Kernel.a(timers.o)
 .comment       0x00000044       0x45 C:\LEETC\SE\MCUXpressoIDE_11.10.0_3148\workspace\NSP\FreeRTOS-Kernel\Debug\libFreeRTOS-Kernel.a(heap_4.o)
 .comment       0x00000044       0x45 C:\LEETC\SE\MCUXpressoIDE_11.10.0_3148\workspace\NSP\FreeRTOS-Kernel\Debug\libFreeRTOS-Kernel.a(list.o)
 .comment       0x00000044       0x45 C:\LEETC\SE\MCUXpressoIDE_11.10.0_3148\workspace\NSP\FreeRTOS-Kernel\Debug\libFreeRTOS-Kernel.a(queue.o)
 .comment       0x00000044       0x45 C:\LEETC\SE\MCUXpressoIDE_11.10.0_3148\workspace\NSP\HAL\libHALRunTime.a(wait.o)
 .comment       0x00000044       0x45 C:\LEETC\SE\MCUXpressoIDE_11.10.0_3148\workspace\NSP\CMSIS_CORE_LPC17xx\Debug\libCMSIS_CORE_LPC17xx.a(system_LPC17xx.o)

.ARM.attributes
                0x00000000       0x2d
 .ARM.attributes
                0x00000000       0x2d ./src/cr_startup_lpc175x_6x-FreeRTOS.o
 .ARM.attributes
                0x0000002d       0x2d ./src/crp.o
 .ARM.attributes
                0x0000005a       0x2d ./src/main.o
 .ARM.attributes
                0x00000087       0x2d ./src/printf-stdarg.o
 .ARM.attributes
                0x000000b4       0x2d C:\LEETC\SE\MCUXpressoIDE_11.10.0_3148\workspace\NSP\FreeRTOS-Kernel\Debug\libFreeRTOS-Kernel.a(port.o)
 .ARM.attributes
                0x000000e1       0x2d C:\LEETC\SE\MCUXpressoIDE_11.10.0_3148\workspace\NSP\FreeRTOS-Kernel\Debug\libFreeRTOS-Kernel.a(tasks.o)
 .ARM.attributes
                0x0000010e       0x2d C:\LEETC\SE\MCUXpressoIDE_11.10.0_3148\workspace\NSP\FreeRTOS-Kernel\Debug\libFreeRTOS-Kernel.a(timers.o)
 .ARM.attributes
                0x0000013b       0x2d C:\LEETC\SE\MCUXpressoIDE_11.10.0_3148\workspace\NSP\FreeRTOS-Kernel\Debug\libFreeRTOS-Kernel.a(heap_4.o)
 .ARM.attributes
                0x00000168       0x2d C:\LEETC\SE\MCUXpressoIDE_11.10.0_3148\workspace\NSP\FreeRTOS-Kernel\Debug\libFreeRTOS-Kernel.a(list.o)
 .ARM.attributes
                0x00000195       0x2d C:\LEETC\SE\MCUXpressoIDE_11.10.0_3148\workspace\NSP\FreeRTOS-Kernel\Debug\libFreeRTOS-Kernel.a(queue.o)
 .ARM.attributes
                0x000001c2       0x2d C:\LEETC\SE\MCUXpressoIDE_11.10.0_3148\workspace\NSP\HAL\libHALRunTime.a(wait.o)
 .ARM.attributes
                0x000001ef       0x2d C:\LEETC\SE\MCUXpressoIDE_11.10.0_3148\workspace\NSP\CMSIS_CORE_LPC17xx\Debug\libCMSIS_CORE_LPC17xx.a(system_LPC17xx.o)
 .ARM.attributes
                0x0000021c       0x2d C:/nxp/MCUXpressoIDE_11.10.0_3148/ide/plugins/com.nxp.mcuxpresso.tools.win32_11.10.0.202311280810/tools/bin/../lib/gcc/arm-none-eabi/13.2.1/thumb/v7-m/nofp\libc_nano.a(libc_a-memset.o)
 .ARM.attributes
                0x00000249       0x2d C:/nxp/MCUXpressoIDE_11.10.0_3148/ide/plugins/com.nxp.mcuxpresso.tools.win32_11.10.0.202311280810/tools/bin/../lib/gcc/arm-none-eabi/13.2.1/thumb/v7-m/nofp\libc_nano.a(libc_a-memcpy-stub.o)

.debug_frame    0x00000000     0x1b34
 .debug_frame   0x00000000      0x170 ./src/cr_startup_lpc175x_6x-FreeRTOS.o
 .debug_frame   0x00000170       0x68 ./src/main.o
 .debug_frame   0x000001d8      0x16c ./src/printf-stdarg.o
 .debug_frame   0x00000344      0x168 C:\LEETC\SE\MCUXpressoIDE_11.10.0_3148\workspace\NSP\FreeRTOS-Kernel\Debug\libFreeRTOS-Kernel.a(port.o)
 .debug_frame   0x000004ac      0x9e0 C:\LEETC\SE\MCUXpressoIDE_11.10.0_3148\workspace\NSP\FreeRTOS-Kernel\Debug\libFreeRTOS-Kernel.a(tasks.o)
 .debug_frame   0x00000e8c      0x404 C:\LEETC\SE\MCUXpressoIDE_11.10.0_3148\workspace\NSP\FreeRTOS-Kernel\Debug\libFreeRTOS-Kernel.a(timers.o)
 .debug_frame   0x00001290      0x170 C:\LEETC\SE\MCUXpressoIDE_11.10.0_3148\workspace\NSP\FreeRTOS-Kernel\Debug\libFreeRTOS-Kernel.a(heap_4.o)
 .debug_frame   0x00001400       0xd8 C:\LEETC\SE\MCUXpressoIDE_11.10.0_3148\workspace\NSP\FreeRTOS-Kernel\Debug\libFreeRTOS-Kernel.a(list.o)
 .debug_frame   0x000014d8      0x52c C:\LEETC\SE\MCUXpressoIDE_11.10.0_3148\workspace\NSP\FreeRTOS-Kernel\Debug\libFreeRTOS-Kernel.a(queue.o)
 .debug_frame   0x00001a04       0xb0 C:\LEETC\SE\MCUXpressoIDE_11.10.0_3148\workspace\NSP\HAL\libHALRunTime.a(wait.o)
 .debug_frame   0x00001ab4       0x38 C:\LEETC\SE\MCUXpressoIDE_11.10.0_3148\workspace\NSP\CMSIS_CORE_LPC17xx\Debug\libCMSIS_CORE_LPC17xx.a(system_LPC17xx.o)
 .debug_frame   0x00001aec       0x20 C:/nxp/MCUXpressoIDE_11.10.0_3148/ide/plugins/com.nxp.mcuxpresso.tools.win32_11.10.0.202311280810/tools/bin/../lib/gcc/arm-none-eabi/13.2.1/thumb/v7-m/nofp\libc_nano.a(libc_a-memset.o)
 .debug_frame   0x00001b0c       0x28 C:/nxp/MCUXpressoIDE_11.10.0_3148/ide/plugins/com.nxp.mcuxpresso.tools.win32_11.10.0.202311280810/tools/bin/../lib/gcc/arm-none-eabi/13.2.1/thumb/v7-m/nofp\libc_nano.a(libc_a-memcpy-stub.o)

.debug_loc      0x00000000       0x4d
 .debug_loc     0x00000000       0x4d C:\LEETC\SE\MCUXpressoIDE_11.10.0_3148\workspace\NSP\HAL\libHALRunTime.a(wait.o)

Cross Reference Table

Symbol                                            File
ADC_IRQHandler                                    ./src/cr_startup_lpc175x_6x-FreeRTOS.o
BOD_IRQHandler                                    ./src/cr_startup_lpc175x_6x-FreeRTOS.o
BusFault_Handler                                  ./src/cr_startup_lpc175x_6x-FreeRTOS.o
CANActivity_IRQHandler                            ./src/cr_startup_lpc175x_6x-FreeRTOS.o
CAN_IRQHandler                                    ./src/cr_startup_lpc175x_6x-FreeRTOS.o
CRP_WORD                                          ./src/crp.o
DMA_IRQHandler                                    ./src/cr_startup_lpc175x_6x-FreeRTOS.o
DebugMon_Handler                                  ./src/cr_startup_lpc175x_6x-FreeRTOS.o
EINT0_IRQHandler                                  ./src/cr_startup_lpc175x_6x-FreeRTOS.o
EINT1_IRQHandler                                  ./src/cr_startup_lpc175x_6x-FreeRTOS.o
EINT2_IRQHandler                                  ./src/cr_startup_lpc175x_6x-FreeRTOS.o
EINT3_IRQHandler                                  ./src/cr_startup_lpc175x_6x-FreeRTOS.o
ENET_IRQHandler                                   ./src/cr_startup_lpc175x_6x-FreeRTOS.o
HardFault_Handler                                 ./src/cr_startup_lpc175x_6x-FreeRTOS.o
I2C0_IRQHandler                                   ./src/cr_startup_lpc175x_6x-FreeRTOS.o
I2C1_IRQHandler                                   ./src/cr_startup_lpc175x_6x-FreeRTOS.o
I2C2_IRQHandler                                   ./src/cr_startup_lpc175x_6x-FreeRTOS.o
I2S_IRQHandler                                    ./src/cr_startup_lpc175x_6x-FreeRTOS.o
IntDefaultHandler                                 ./src/cr_startup_lpc175x_6x-FreeRTOS.o
MCPWM_IRQHandler                                  ./src/cr_startup_lpc175x_6x-FreeRTOS.o
MemManage_Handler                                 ./src/cr_startup_lpc175x_6x-FreeRTOS.o
NMI_Handler                                       ./src/cr_startup_lpc175x_6x-FreeRTOS.o
PLL0_IRQHandler                                   ./src/cr_startup_lpc175x_6x-FreeRTOS.o
PLL1_IRQHandler                                   ./src/cr_startup_lpc175x_6x-FreeRTOS.o
PWM1_IRQHandler                                   ./src/cr_startup_lpc175x_6x-FreeRTOS.o
PendSV_Handler                                    ./src/cr_startup_lpc175x_6x-FreeRTOS.o
QEI_IRQHandler                                    ./src/cr_startup_lpc175x_6x-FreeRTOS.o
RIT_IRQHandler                                    ./src/cr_startup_lpc175x_6x-FreeRTOS.o
RTC_IRQHandler                                    ./src/cr_startup_lpc175x_6x-FreeRTOS.o
ResetISR                                          ./src/cr_startup_lpc175x_6x-FreeRTOS.o
SPI_IRQHandler                                    ./src/cr_startup_lpc175x_6x-FreeRTOS.o
SSP0_IRQHandler                                   ./src/cr_startup_lpc175x_6x-FreeRTOS.o
SSP1_IRQHandler                                   ./src/cr_startup_lpc175x_6x-FreeRTOS.o
SVC_Handler                                       ./src/cr_startup_lpc175x_6x-FreeRTOS.o
SysTick_Handler                                   ./src/cr_startup_lpc175x_6x-FreeRTOS.o
SystemCoreClock                                   C:\LEETC\SE\MCUXpressoIDE_11.10.0_3148\workspace\NSP\CMSIS_CORE_LPC17xx\Debug\libCMSIS_CORE_LPC17xx.a(system_LPC17xx.o)
                                                  C:\LEETC\SE\MCUXpressoIDE_11.10.0_3148\workspace\NSP\HAL\libHALRunTime.a(wait.o)
                                                  C:\LEETC\SE\MCUXpressoIDE_11.10.0_3148\workspace\NSP\FreeRTOS-Kernel\Debug\libFreeRTOS-Kernel.a(port.o)
SystemCoreClockUpdate                             C:\LEETC\SE\MCUXpressoIDE_11.10.0_3148\workspace\NSP\CMSIS_CORE_LPC17xx\Debug\libCMSIS_CORE_LPC17xx.a(system_LPC17xx.o)
                                                  C:\LEETC\SE\MCUXpressoIDE_11.10.0_3148\workspace\NSP\HAL\libHALRunTime.a(wait.o)
SystemInit                                        C:\LEETC\SE\MCUXpressoIDE_11.10.0_3148\workspace\NSP\CMSIS_CORE_LPC17xx\Debug\libCMSIS_CORE_LPC17xx.a(system_LPC17xx.o)
                                                  ./src/cr_startup_lpc175x_6x-FreeRTOS.o
TIMER0_IRQHandler                                 ./src/cr_startup_lpc175x_6x-FreeRTOS.o
TIMER1_IRQHandler                                 ./src/cr_startup_lpc175x_6x-FreeRTOS.o
TIMER2_IRQHandler                                 ./src/cr_startup_lpc175x_6x-FreeRTOS.o
TIMER3_IRQHandler                                 ./src/cr_startup_lpc175x_6x-FreeRTOS.o
TIMER_RuntimeStatsConfig                          C:\LEETC\SE\MCUXpressoIDE_11.10.0_3148\workspace\NSP\HAL\libHALRunTime.a(wait.o)
                                                  C:\LEETC\SE\MCUXpressoIDE_11.10.0_3148\workspace\NSP\FreeRTOS-Kernel\Debug\libFreeRTOS-Kernel.a(tasks.o)
TIMER_RuntimeStatsGet                             C:\LEETC\SE\MCUXpressoIDE_11.10.0_3148\workspace\NSP\HAL\libHALRunTime.a(wait.o)
                                                  C:\LEETC\SE\MCUXpressoIDE_11.10.0_3148\workspace\NSP\FreeRTOS-Kernel\Debug\libFreeRTOS-Kernel.a(tasks.o)
UART0_IRQHandler                                  ./src/cr_startup_lpc175x_6x-FreeRTOS.o
UART1_IRQHandler                                  ./src/cr_startup_lpc175x_6x-FreeRTOS.o
UART2_IRQHandler                                  ./src/cr_startup_lpc175x_6x-FreeRTOS.o
UART3_IRQHandler                                  ./src/cr_startup_lpc175x_6x-FreeRTOS.o
USBActivity_IRQHandler                            ./src/cr_startup_lpc175x_6x-FreeRTOS.o
USB_IRQHandler                                    ./src/cr_startup_lpc175x_6x-FreeRTOS.o
UsageFault_Handler                                ./src/cr_startup_lpc175x_6x-FreeRTOS.o
WAIT_GetElapsedMillis                             C:\LEETC\SE\MCUXpressoIDE_11.10.0_3148\workspace\NSP\HAL\libHALRunTime.a(wait.o)
WAIT_GetValue                                     C:\LEETC\SE\MCUXpressoIDE_11.10.0_3148\workspace\NSP\HAL\libHALRunTime.a(wait.o)
WAIT_Init                                         C:\LEETC\SE\MCUXpressoIDE_11.10.0_3148\workspace\NSP\HAL\libHALRunTime.a(wait.o)
WAIT_Milliseconds                                 C:\LEETC\SE\MCUXpressoIDE_11.10.0_3148\workspace\NSP\HAL\libHALRunTime.a(wait.o)
WAIT_StopWatch                                    C:\LEETC\SE\MCUXpressoIDE_11.10.0_3148\workspace\NSP\HAL\libHALRunTime.a(wait.o)
WDT_IRQHandler                                    ./src/cr_startup_lpc175x_6x-FreeRTOS.o
__aeabi_idiv0                                     C:/nxp/MCUXpressoIDE_11.10.0_3148/ide/plugins/com.nxp.mcuxpresso.tools.win32_11.10.0.202311280810/tools/bin/../lib/gcc/arm-none-eabi/13.2.1/thumb/v7-m/nofp\libgcc.a(_dvmd_tls.o)
__aeabi_ldiv0                                     C:/nxp/MCUXpressoIDE_11.10.0_3148/ide/plugins/com.nxp.mcuxpresso.tools.win32_11.10.0.202311280810/tools/bin/../lib/gcc/arm-none-eabi/13.2.1/thumb/v7-m/nofp\libgcc.a(_dvmd_tls.o)
                                                  C:/nxp/MCUXpressoIDE_11.10.0_3148/ide/plugins/com.nxp.mcuxpresso.tools.win32_11.10.0.202311280810/tools/bin/../lib/gcc/arm-none-eabi/13.2.1/thumb/v7-m/nofp\libgcc.a(_aeabi_uldivmod.o)
                                                  C:/nxp/MCUXpressoIDE_11.10.0_3148/ide/plugins/com.nxp.mcuxpresso.tools.win32_11.10.0.202311280810/tools/bin/../lib/gcc/arm-none-eabi/13.2.1/thumb/v7-m/nofp\libgcc.a(_aeabi_ldivmod.o)
__aeabi_ldivmod                                   C:/nxp/MCUXpressoIDE_11.10.0_3148/ide/plugins/com.nxp.mcuxpresso.tools.win32_11.10.0.202311280810/tools/bin/../lib/gcc/arm-none-eabi/13.2.1/thumb/v7-m/nofp\libgcc.a(_aeabi_ldivmod.o)
                                                  C:\LEETC\SE\MCUXpressoIDE_11.10.0_3148\workspace\NSP\CMSIS_CORE_LPC17xx\Debug\libCMSIS_CORE_LPC17xx.a(system_LPC17xx.o)
__aeabi_uldivmod                                  C:/nxp/MCUXpressoIDE_11.10.0_3148/ide/plugins/com.nxp.mcuxpresso.tools.win32_11.10.0.202311280810/tools/bin/../lib/gcc/arm-none-eabi/13.2.1/thumb/v7-m/nofp\libgcc.a(_aeabi_uldivmod.o)
                                                  C:\LEETC\SE\MCUXpressoIDE_11.10.0_3148\workspace\NSP\CMSIS_CORE_LPC17xx\Debug\libCMSIS_CORE_LPC17xx.a(system_LPC17xx.o)
__bss_section_table_end                           ./src/cr_startup_lpc175x_6x-FreeRTOS.o
__data_section_table                              ./src/cr_startup_lpc175x_6x-FreeRTOS.o
__data_section_table_end                          ./src/cr_startup_lpc175x_6x-FreeRTOS.o
__udivmoddi4                                      C:/nxp/MCUXpressoIDE_11.10.0_3148/ide/plugins/com.nxp.mcuxpresso.tools.win32_11.10.0.202311280810/tools/bin/../lib/gcc/arm-none-eabi/13.2.1/thumb/v7-m/nofp\libgcc.a(_udivmoddi4.o)
                                                  C:/nxp/MCUXpressoIDE_11.10.0_3148/ide/plugins/com.nxp.mcuxpresso.tools.win32_11.10.0.202311280810/tools/bin/../lib/gcc/arm-none-eabi/13.2.1/thumb/v7-m/nofp\libgcc.a(_aeabi_uldivmod.o)
                                                  C:/nxp/MCUXpressoIDE_11.10.0_3148/ide/plugins/com.nxp.mcuxpresso.tools.win32_11.10.0.202311280810/tools/bin/../lib/gcc/arm-none-eabi/13.2.1/thumb/v7-m/nofp\libgcc.a(_aeabi_ldivmod.o)
__valid_user_code_checksum                        ./src/cr_startup_lpc175x_6x-FreeRTOS.o
_vStackTop                                        ./src/cr_startup_lpc175x_6x-FreeRTOS.o
bss_init                                          ./src/cr_startup_lpc175x_6x-FreeRTOS.o
data_init                                         ./src/cr_startup_lpc175x_6x-FreeRTOS.o
eTaskGetState                                     C:\LEETC\SE\MCUXpressoIDE_11.10.0_3148\workspace\NSP\FreeRTOS-Kernel\Debug\libFreeRTOS-Kernel.a(tasks.o)
g_pfnVectors                                      ./src/cr_startup_lpc175x_6x-FreeRTOS.o
main                                              ./src/main.o
                                                  ./src/cr_startup_lpc175x_6x-FreeRTOS.o
memcpy                                            C:/nxp/MCUXpressoIDE_11.10.0_3148/ide/plugins/com.nxp.mcuxpresso.tools.win32_11.10.0.202311280810/tools/bin/../lib/gcc/arm-none-eabi/13.2.1/thumb/v7-m/nofp\libc_nano.a(libc_a-memcpy-stub.o)
                                                  C:\LEETC\SE\MCUXpressoIDE_11.10.0_3148\workspace\NSP\FreeRTOS-Kernel\Debug\libFreeRTOS-Kernel.a(queue.o)
memset                                            C:/nxp/MCUXpressoIDE_11.10.0_3148/ide/plugins/com.nxp.mcuxpresso.tools.win32_11.10.0.202311280810/tools/bin/../lib/gcc/arm-none-eabi/13.2.1/thumb/v7-m/nofp\libc_nano.a(libc_a-memset.o)
                                                  C:\LEETC\SE\MCUXpressoIDE_11.10.0_3148\workspace\NSP\FreeRTOS-Kernel\Debug\libFreeRTOS-Kernel.a(heap_4.o)
                                                  C:\LEETC\SE\MCUXpressoIDE_11.10.0_3148\workspace\NSP\FreeRTOS-Kernel\Debug\libFreeRTOS-Kernel.a(tasks.o)
pcQueueGetName                                    C:\LEETC\SE\MCUXpressoIDE_11.10.0_3148\workspace\NSP\FreeRTOS-Kernel\Debug\libFreeRTOS-Kernel.a(queue.o)
pcTaskGetName                                     C:\LEETC\SE\MCUXpressoIDE_11.10.0_3148\workspace\NSP\FreeRTOS-Kernel\Debug\libFreeRTOS-Kernel.a(tasks.o)
pcTimerGetName                                    C:\LEETC\SE\MCUXpressoIDE_11.10.0_3148\workspace\NSP\FreeRTOS-Kernel\Debug\libFreeRTOS-Kernel.a(timers.o)
printf                                            ./src/printf-stdarg.o
                                                  ./src/main.o
pvPortCalloc                                      C:\LEETC\SE\MCUXpressoIDE_11.10.0_3148\workspace\NSP\FreeRTOS-Kernel\Debug\libFreeRTOS-Kernel.a(heap_4.o)
pvPortMalloc                                      C:\LEETC\SE\MCUXpressoIDE_11.10.0_3148\workspace\NSP\FreeRTOS-Kernel\Debug\libFreeRTOS-Kernel.a(heap_4.o)
                                                  C:\LEETC\SE\MCUXpressoIDE_11.10.0_3148\workspace\NSP\FreeRTOS-Kernel\Debug\libFreeRTOS-Kernel.a(queue.o)
                                                  C:\LEETC\SE\MCUXpressoIDE_11.10.0_3148\workspace\NSP\FreeRTOS-Kernel\Debug\libFreeRTOS-Kernel.a(timers.o)
                                                  C:\LEETC\SE\MCUXpressoIDE_11.10.0_3148\workspace\NSP\FreeRTOS-Kernel\Debug\libFreeRTOS-Kernel.a(tasks.o)
pvTaskIncrementMutexHeldCount                     C:\LEETC\SE\MCUXpressoIDE_11.10.0_3148\workspace\NSP\FreeRTOS-Kernel\Debug\libFreeRTOS-Kernel.a(tasks.o)
                                                  C:\LEETC\SE\MCUXpressoIDE_11.10.0_3148\workspace\NSP\FreeRTOS-Kernel\Debug\libFreeRTOS-Kernel.a(queue.o)
pvTimerGetTimerID                                 C:\LEETC\SE\MCUXpressoIDE_11.10.0_3148\workspace\NSP\FreeRTOS-Kernel\Debug\libFreeRTOS-Kernel.a(timers.o)
pxCurrentTCB                                      C:\LEETC\SE\MCUXpressoIDE_11.10.0_3148\workspace\NSP\FreeRTOS-Kernel\Debug\libFreeRTOS-Kernel.a(tasks.o)
                                                  C:\LEETC\SE\MCUXpressoIDE_11.10.0_3148\workspace\NSP\FreeRTOS-Kernel\Debug\libFreeRTOS-Kernel.a(port.o)
pxPortInitialiseStack                             C:\LEETC\SE\MCUXpressoIDE_11.10.0_3148\workspace\NSP\FreeRTOS-Kernel\Debug\libFreeRTOS-Kernel.a(port.o)
                                                  C:\LEETC\SE\MCUXpressoIDE_11.10.0_3148\workspace\NSP\FreeRTOS-Kernel\Debug\libFreeRTOS-Kernel.a(tasks.o)
ucQueueGetQueueType                               C:\LEETC\SE\MCUXpressoIDE_11.10.0_3148\workspace\NSP\FreeRTOS-Kernel\Debug\libFreeRTOS-Kernel.a(queue.o)
ulTaskGenericNotifyTake                           C:\LEETC\SE\MCUXpressoIDE_11.10.0_3148\workspace\NSP\FreeRTOS-Kernel\Debug\libFreeRTOS-Kernel.a(tasks.o)
ulTaskGenericNotifyValueClear                     C:\LEETC\SE\MCUXpressoIDE_11.10.0_3148\workspace\NSP\FreeRTOS-Kernel\Debug\libFreeRTOS-Kernel.a(tasks.o)
ulTaskGetRunTimeCounter                           C:\LEETC\SE\MCUXpressoIDE_11.10.0_3148\workspace\NSP\FreeRTOS-Kernel\Debug\libFreeRTOS-Kernel.a(tasks.o)
ulTaskGetRunTimePercent                           C:\LEETC\SE\MCUXpressoIDE_11.10.0_3148\workspace\NSP\FreeRTOS-Kernel\Debug\libFreeRTOS-Kernel.a(tasks.o)
uxListRemove                                      C:\LEETC\SE\MCUXpressoIDE_11.10.0_3148\workspace\NSP\FreeRTOS-Kernel\Debug\libFreeRTOS-Kernel.a(list.o)
                                                  C:\LEETC\SE\MCUXpressoIDE_11.10.0_3148\workspace\NSP\FreeRTOS-Kernel\Debug\libFreeRTOS-Kernel.a(timers.o)
                                                  C:\LEETC\SE\MCUXpressoIDE_11.10.0_3148\workspace\NSP\FreeRTOS-Kernel\Debug\libFreeRTOS-Kernel.a(tasks.o)
uxQueueGetQueueItemSize                           C:\LEETC\SE\MCUXpressoIDE_11.10.0_3148\workspace\NSP\FreeRTOS-Kernel\Debug\libFreeRTOS-Kernel.a(queue.o)
uxQueueGetQueueLength                             C:\LEETC\SE\MCUXpressoIDE_11.10.0_3148\workspace\NSP\FreeRTOS-Kernel\Debug\libFreeRTOS-Kernel.a(queue.o)
uxQueueGetQueueNumber                             C:\LEETC\SE\MCUXpressoIDE_11.10.0_3148\workspace\NSP\FreeRTOS-Kernel\Debug\libFreeRTOS-Kernel.a(queue.o)
uxQueueMessagesWaiting                            C:\LEETC\SE\MCUXpressoIDE_11.10.0_3148\workspace\NSP\FreeRTOS-Kernel\Debug\libFreeRTOS-Kernel.a(queue.o)
uxQueueMessagesWaitingFromISR                     C:\LEETC\SE\MCUXpressoIDE_11.10.0_3148\workspace\NSP\FreeRTOS-Kernel\Debug\libFreeRTOS-Kernel.a(queue.o)
uxQueueSpacesAvailable                            C:\LEETC\SE\MCUXpressoIDE_11.10.0_3148\workspace\NSP\FreeRTOS-Kernel\Debug\libFreeRTOS-Kernel.a(queue.o)
uxTaskBasePriorityGet                             C:\LEETC\SE\MCUXpressoIDE_11.10.0_3148\workspace\NSP\FreeRTOS-Kernel\Debug\libFreeRTOS-Kernel.a(tasks.o)
uxTaskBasePriorityGetFromISR                      C:\LEETC\SE\MCUXpressoIDE_11.10.0_3148\workspace\NSP\FreeRTOS-Kernel\Debug\libFreeRTOS-Kernel.a(tasks.o)
uxTaskGetNumberOfTasks                            C:\LEETC\SE\MCUXpressoIDE_11.10.0_3148\workspace\NSP\FreeRTOS-Kernel\Debug\libFreeRTOS-Kernel.a(tasks.o)
                                                  C:\LEETC\SE\MCUXpressoIDE_11.10.0_3148\workspace\NSP\FreeRTOS-Kernel\Debug\libFreeRTOS-Kernel.a(queue.o)
uxTaskGetSystemState                              C:\LEETC\SE\MCUXpressoIDE_11.10.0_3148\workspace\NSP\FreeRTOS-Kernel\Debug\libFreeRTOS-Kernel.a(tasks.o)
uxTaskGetTaskNumber                               C:\LEETC\SE\MCUXpressoIDE_11.10.0_3148\workspace\NSP\FreeRTOS-Kernel\Debug\libFreeRTOS-Kernel.a(tasks.o)
uxTaskPriorityGet                                 C:\LEETC\SE\MCUXpressoIDE_11.10.0_3148\workspace\NSP\FreeRTOS-Kernel\Debug\libFreeRTOS-Kernel.a(tasks.o)
uxTaskPriorityGetFromISR                          C:\LEETC\SE\MCUXpressoIDE_11.10.0_3148\workspace\NSP\FreeRTOS-Kernel\Debug\libFreeRTOS-Kernel.a(tasks.o)
uxTaskResetEventItemValue                         C:\LEETC\SE\MCUXpressoIDE_11.10.0_3148\workspace\NSP\FreeRTOS-Kernel\Debug\libFreeRTOS-Kernel.a(tasks.o)
uxTimerGetReloadMode                              C:\LEETC\SE\MCUXpressoIDE_11.10.0_3148\workspace\NSP\FreeRTOS-Kernel\Debug\libFreeRTOS-Kernel.a(timers.o)
uxTimerGetTimerNumber                             C:\LEETC\SE\MCUXpressoIDE_11.10.0_3148\workspace\NSP\FreeRTOS-Kernel\Debug\libFreeRTOS-Kernel.a(timers.o)
vApplicationMallocFailedHook                      ./src/main.o
                                                  C:\LEETC\SE\MCUXpressoIDE_11.10.0_3148\workspace\NSP\FreeRTOS-Kernel\Debug\libFreeRTOS-Kernel.a(heap_4.o)
vApplicationStackOverflowHook                     ./src/main.o
                                                  C:\LEETC\SE\MCUXpressoIDE_11.10.0_3148\workspace\NSP\FreeRTOS-Kernel\Debug\libFreeRTOS-Kernel.a(tasks.o)
vListInitialise                                   C:\LEETC\SE\MCUXpressoIDE_11.10.0_3148\workspace\NSP\FreeRTOS-Kernel\Debug\libFreeRTOS-Kernel.a(list.o)
                                                  C:\LEETC\SE\MCUXpressoIDE_11.10.0_3148\workspace\NSP\FreeRTOS-Kernel\Debug\libFreeRTOS-Kernel.a(queue.o)
                                                  C:\LEETC\SE\MCUXpressoIDE_11.10.0_3148\workspace\NSP\FreeRTOS-Kernel\Debug\libFreeRTOS-Kernel.a(timers.o)
                                                  C:\LEETC\SE\MCUXpressoIDE_11.10.0_3148\workspace\NSP\FreeRTOS-Kernel\Debug\libFreeRTOS-Kernel.a(tasks.o)
vListInitialiseItem                               C:\LEETC\SE\MCUXpressoIDE_11.10.0_3148\workspace\NSP\FreeRTOS-Kernel\Debug\libFreeRTOS-Kernel.a(list.o)
                                                  C:\LEETC\SE\MCUXpressoIDE_11.10.0_3148\workspace\NSP\FreeRTOS-Kernel\Debug\libFreeRTOS-Kernel.a(timers.o)
                                                  C:\LEETC\SE\MCUXpressoIDE_11.10.0_3148\workspace\NSP\FreeRTOS-Kernel\Debug\libFreeRTOS-Kernel.a(tasks.o)
vListInsert                                       C:\LEETC\SE\MCUXpressoIDE_11.10.0_3148\workspace\NSP\FreeRTOS-Kernel\Debug\libFreeRTOS-Kernel.a(list.o)
                                                  C:\LEETC\SE\MCUXpressoIDE_11.10.0_3148\workspace\NSP\FreeRTOS-Kernel\Debug\libFreeRTOS-Kernel.a(timers.o)
                                                  C:\LEETC\SE\MCUXpressoIDE_11.10.0_3148\workspace\NSP\FreeRTOS-Kernel\Debug\libFreeRTOS-Kernel.a(tasks.o)
vListInsertEnd                                    C:\LEETC\SE\MCUXpressoIDE_11.10.0_3148\workspace\NSP\FreeRTOS-Kernel\Debug\libFreeRTOS-Kernel.a(list.o)
                                                  C:\LEETC\SE\MCUXpressoIDE_11.10.0_3148\workspace\NSP\FreeRTOS-Kernel\Debug\libFreeRTOS-Kernel.a(tasks.o)
vPortEndScheduler                                 C:\LEETC\SE\MCUXpressoIDE_11.10.0_3148\workspace\NSP\FreeRTOS-Kernel\Debug\libFreeRTOS-Kernel.a(port.o)
                                                  C:\LEETC\SE\MCUXpressoIDE_11.10.0_3148\workspace\NSP\FreeRTOS-Kernel\Debug\libFreeRTOS-Kernel.a(tasks.o)
vPortEnterCritical                                C:\LEETC\SE\MCUXpressoIDE_11.10.0_3148\workspace\NSP\FreeRTOS-Kernel\Debug\libFreeRTOS-Kernel.a(port.o)
                                                  C:\LEETC\SE\MCUXpressoIDE_11.10.0_3148\workspace\NSP\FreeRTOS-Kernel\Debug\libFreeRTOS-Kernel.a(queue.o)
                                                  C:\LEETC\SE\MCUXpressoIDE_11.10.0_3148\workspace\NSP\FreeRTOS-Kernel\Debug\libFreeRTOS-Kernel.a(heap_4.o)
                                                  C:\LEETC\SE\MCUXpressoIDE_11.10.0_3148\workspace\NSP\FreeRTOS-Kernel\Debug\libFreeRTOS-Kernel.a(timers.o)
                                                  C:\LEETC\SE\MCUXpressoIDE_11.10.0_3148\workspace\NSP\FreeRTOS-Kernel\Debug\libFreeRTOS-Kernel.a(tasks.o)
vPortExitCritical                                 C:\LEETC\SE\MCUXpressoIDE_11.10.0_3148\workspace\NSP\FreeRTOS-Kernel\Debug\libFreeRTOS-Kernel.a(port.o)
                                                  C:\LEETC\SE\MCUXpressoIDE_11.10.0_3148\workspace\NSP\FreeRTOS-Kernel\Debug\libFreeRTOS-Kernel.a(queue.o)
                                                  C:\LEETC\SE\MCUXpressoIDE_11.10.0_3148\workspace\NSP\FreeRTOS-Kernel\Debug\libFreeRTOS-Kernel.a(heap_4.o)
                                                  C:\LEETC\SE\MCUXpressoIDE_11.10.0_3148\workspace\NSP\FreeRTOS-Kernel\Debug\libFreeRTOS-Kernel.a(timers.o)
                                                  C:\LEETC\SE\MCUXpressoIDE_11.10.0_3148\workspace\NSP\FreeRTOS-Kernel\Debug\libFreeRTOS-Kernel.a(tasks.o)
vPortFree                                         C:\LEETC\SE\MCUXpressoIDE_11.10.0_3148\workspace\NSP\FreeRTOS-Kernel\Debug\libFreeRTOS-Kernel.a(heap_4.o)
                                                  C:\LEETC\SE\MCUXpressoIDE_11.10.0_3148\workspace\NSP\FreeRTOS-Kernel\Debug\libFreeRTOS-Kernel.a(queue.o)
                                                  C:\LEETC\SE\MCUXpressoIDE_11.10.0_3148\workspace\NSP\FreeRTOS-Kernel\Debug\libFreeRTOS-Kernel.a(timers.o)
                                                  C:\LEETC\SE\MCUXpressoIDE_11.10.0_3148\workspace\NSP\FreeRTOS-Kernel\Debug\libFreeRTOS-Kernel.a(tasks.o)
vPortGetHeapStats                                 C:\LEETC\SE\MCUXpressoIDE_11.10.0_3148\workspace\NSP\FreeRTOS-Kernel\Debug\libFreeRTOS-Kernel.a(heap_4.o)
vPortHeapResetState                               C:\LEETC\SE\MCUXpressoIDE_11.10.0_3148\workspace\NSP\FreeRTOS-Kernel\Debug\libFreeRTOS-Kernel.a(heap_4.o)
vPortInitialiseBlocks                             C:\LEETC\SE\MCUXpressoIDE_11.10.0_3148\workspace\NSP\FreeRTOS-Kernel\Debug\libFreeRTOS-Kernel.a(heap_4.o)
vPortSVCHandler                                   C:\LEETC\SE\MCUXpressoIDE_11.10.0_3148\workspace\NSP\FreeRTOS-Kernel\Debug\libFreeRTOS-Kernel.a(port.o)
                                                  ./src/cr_startup_lpc175x_6x-FreeRTOS.o
vPortSetupTimerInterrupt                          C:\LEETC\SE\MCUXpressoIDE_11.10.0_3148\workspace\NSP\FreeRTOS-Kernel\Debug\libFreeRTOS-Kernel.a(port.o)
vQueueAddToRegistry                               C:\LEETC\SE\MCUXpressoIDE_11.10.0_3148\workspace\NSP\FreeRTOS-Kernel\Debug\libFreeRTOS-Kernel.a(queue.o)
                                                  C:\LEETC\SE\MCUXpressoIDE_11.10.0_3148\workspace\NSP\FreeRTOS-Kernel\Debug\libFreeRTOS-Kernel.a(timers.o)
vQueueDelete                                      C:\LEETC\SE\MCUXpressoIDE_11.10.0_3148\workspace\NSP\FreeRTOS-Kernel\Debug\libFreeRTOS-Kernel.a(queue.o)
vQueueSetQueueNumber                              C:\LEETC\SE\MCUXpressoIDE_11.10.0_3148\workspace\NSP\FreeRTOS-Kernel\Debug\libFreeRTOS-Kernel.a(queue.o)
vQueueUnregisterQueue                             C:\LEETC\SE\MCUXpressoIDE_11.10.0_3148\workspace\NSP\FreeRTOS-Kernel\Debug\libFreeRTOS-Kernel.a(queue.o)
vQueueWaitForMessageRestricted                    C:\LEETC\SE\MCUXpressoIDE_11.10.0_3148\workspace\NSP\FreeRTOS-Kernel\Debug\libFreeRTOS-Kernel.a(queue.o)
                                                  C:\LEETC\SE\MCUXpressoIDE_11.10.0_3148\workspace\NSP\FreeRTOS-Kernel\Debug\libFreeRTOS-Kernel.a(timers.o)
vTaskDelay                                        C:\LEETC\SE\MCUXpressoIDE_11.10.0_3148\workspace\NSP\FreeRTOS-Kernel\Debug\libFreeRTOS-Kernel.a(tasks.o)
                                                  C:\LEETC\SE\MCUXpressoIDE_11.10.0_3148\workspace\NSP\HAL\libHALRunTime.a(wait.o)
vTaskDelete                                       C:\LEETC\SE\MCUXpressoIDE_11.10.0_3148\workspace\NSP\FreeRTOS-Kernel\Debug\libFreeRTOS-Kernel.a(tasks.o)
vTaskEndScheduler                                 C:\LEETC\SE\MCUXpressoIDE_11.10.0_3148\workspace\NSP\FreeRTOS-Kernel\Debug\libFreeRTOS-Kernel.a(tasks.o)
vTaskGenericNotifyGiveFromISR                     C:\LEETC\SE\MCUXpressoIDE_11.10.0_3148\workspace\NSP\FreeRTOS-Kernel\Debug\libFreeRTOS-Kernel.a(tasks.o)
vTaskGetInfo                                      C:\LEETC\SE\MCUXpressoIDE_11.10.0_3148\workspace\NSP\FreeRTOS-Kernel\Debug\libFreeRTOS-Kernel.a(tasks.o)
vTaskInternalSetTimeOutState                      C:\LEETC\SE\MCUXpressoIDE_11.10.0_3148\workspace\NSP\FreeRTOS-Kernel\Debug\libFreeRTOS-Kernel.a(tasks.o)
                                                  C:\LEETC\SE\MCUXpressoIDE_11.10.0_3148\workspace\NSP\FreeRTOS-Kernel\Debug\libFreeRTOS-Kernel.a(queue.o)
vTaskMissedYield                                  C:\LEETC\SE\MCUXpressoIDE_11.10.0_3148\workspace\NSP\FreeRTOS-Kernel\Debug\libFreeRTOS-Kernel.a(tasks.o)
                                                  C:\LEETC\SE\MCUXpressoIDE_11.10.0_3148\workspace\NSP\FreeRTOS-Kernel\Debug\libFreeRTOS-Kernel.a(queue.o)
vTaskPlaceOnEventList                             C:\LEETC\SE\MCUXpressoIDE_11.10.0_3148\workspace\NSP\FreeRTOS-Kernel\Debug\libFreeRTOS-Kernel.a(tasks.o)
                                                  C:\LEETC\SE\MCUXpressoIDE_11.10.0_3148\workspace\NSP\FreeRTOS-Kernel\Debug\libFreeRTOS-Kernel.a(queue.o)
vTaskPlaceOnEventListRestricted                   C:\LEETC\SE\MCUXpressoIDE_11.10.0_3148\workspace\NSP\FreeRTOS-Kernel\Debug\libFreeRTOS-Kernel.a(tasks.o)
                                                  C:\LEETC\SE\MCUXpressoIDE_11.10.0_3148\workspace\NSP\FreeRTOS-Kernel\Debug\libFreeRTOS-Kernel.a(queue.o)
vTaskPlaceOnUnorderedEventList                    C:\LEETC\SE\MCUXpressoIDE_11.10.0_3148\workspace\NSP\FreeRTOS-Kernel\Debug\libFreeRTOS-Kernel.a(tasks.o)
vTaskPriorityDisinheritAfterTimeout               C:\LEETC\SE\MCUXpressoIDE_11.10.0_3148\workspace\NSP\FreeRTOS-Kernel\Debug\libFreeRTOS-Kernel.a(tasks.o)
                                                  C:\LEETC\SE\MCUXpressoIDE_11.10.0_3148\workspace\NSP\FreeRTOS-Kernel\Debug\libFreeRTOS-Kernel.a(queue.o)
vTaskPrioritySet                                  C:\LEETC\SE\MCUXpressoIDE_11.10.0_3148\workspace\NSP\FreeRTOS-Kernel\Debug\libFreeRTOS-Kernel.a(tasks.o)
vTaskRemoveFromUnorderedEventList                 C:\LEETC\SE\MCUXpressoIDE_11.10.0_3148\workspace\NSP\FreeRTOS-Kernel\Debug\libFreeRTOS-Kernel.a(tasks.o)
vTaskResetState                                   C:\LEETC\SE\MCUXpressoIDE_11.10.0_3148\workspace\NSP\FreeRTOS-Kernel\Debug\libFreeRTOS-Kernel.a(tasks.o)
vTaskResume                                       C:\LEETC\SE\MCUXpressoIDE_11.10.0_3148\workspace\NSP\FreeRTOS-Kernel\Debug\libFreeRTOS-Kernel.a(tasks.o)
vTaskSetTaskNumber                                C:\LEETC\SE\MCUXpressoIDE_11.10.0_3148\workspace\NSP\FreeRTOS-Kernel\Debug\libFreeRTOS-Kernel.a(tasks.o)
vTaskSetTimeOutState                              C:\LEETC\SE\MCUXpressoIDE_11.10.0_3148\workspace\NSP\FreeRTOS-Kernel\Debug\libFreeRTOS-Kernel.a(tasks.o)
vTaskStartScheduler                               C:\LEETC\SE\MCUXpressoIDE_11.10.0_3148\workspace\NSP\FreeRTOS-Kernel\Debug\libFreeRTOS-Kernel.a(tasks.o)
                                                  ./src/main.o
vTaskSuspend                                      C:\LEETC\SE\MCUXpressoIDE_11.10.0_3148\workspace\NSP\FreeRTOS-Kernel\Debug\libFreeRTOS-Kernel.a(tasks.o)
vTaskSuspendAll                                   C:\LEETC\SE\MCUXpressoIDE_11.10.0_3148\workspace\NSP\FreeRTOS-Kernel\Debug\libFreeRTOS-Kernel.a(tasks.o)
                                                  C:\LEETC\SE\MCUXpressoIDE_11.10.0_3148\workspace\NSP\FreeRTOS-Kernel\Debug\libFreeRTOS-Kernel.a(queue.o)
                                                  C:\LEETC\SE\MCUXpressoIDE_11.10.0_3148\workspace\NSP\FreeRTOS-Kernel\Debug\libFreeRTOS-Kernel.a(heap_4.o)
                                                  C:\LEETC\SE\MCUXpressoIDE_11.10.0_3148\workspace\NSP\FreeRTOS-Kernel\Debug\libFreeRTOS-Kernel.a(timers.o)
vTaskSwitchContext                                C:\LEETC\SE\MCUXpressoIDE_11.10.0_3148\workspace\NSP\FreeRTOS-Kernel\Debug\libFreeRTOS-Kernel.a(tasks.o)
                                                  C:\LEETC\SE\MCUXpressoIDE_11.10.0_3148\workspace\NSP\FreeRTOS-Kernel\Debug\libFreeRTOS-Kernel.a(port.o)
vTimerResetState                                  C:\LEETC\SE\MCUXpressoIDE_11.10.0_3148\workspace\NSP\FreeRTOS-Kernel\Debug\libFreeRTOS-Kernel.a(timers.o)
vTimerSetReloadMode                               C:\LEETC\SE\MCUXpressoIDE_11.10.0_3148\workspace\NSP\FreeRTOS-Kernel\Debug\libFreeRTOS-Kernel.a(timers.o)
vTimerSetTimerID                                  C:\LEETC\SE\MCUXpressoIDE_11.10.0_3148\workspace\NSP\FreeRTOS-Kernel\Debug\libFreeRTOS-Kernel.a(timers.o)
vTimerSetTimerNumber                              C:\LEETC\SE\MCUXpressoIDE_11.10.0_3148\workspace\NSP\FreeRTOS-Kernel\Debug\libFreeRTOS-Kernel.a(timers.o)
xPortGetFreeHeapSize                              C:\LEETC\SE\MCUXpressoIDE_11.10.0_3148\workspace\NSP\FreeRTOS-Kernel\Debug\libFreeRTOS-Kernel.a(heap_4.o)
xPortGetMinimumEverFreeHeapSize                   C:\LEETC\SE\MCUXpressoIDE_11.10.0_3148\workspace\NSP\FreeRTOS-Kernel\Debug\libFreeRTOS-Kernel.a(heap_4.o)
xPortPendSVHandler                                C:\LEETC\SE\MCUXpressoIDE_11.10.0_3148\workspace\NSP\FreeRTOS-Kernel\Debug\libFreeRTOS-Kernel.a(port.o)
                                                  ./src/cr_startup_lpc175x_6x-FreeRTOS.o
xPortStartScheduler                               C:\LEETC\SE\MCUXpressoIDE_11.10.0_3148\workspace\NSP\FreeRTOS-Kernel\Debug\libFreeRTOS-Kernel.a(port.o)
                                                  C:\LEETC\SE\MCUXpressoIDE_11.10.0_3148\workspace\NSP\FreeRTOS-Kernel\Debug\libFreeRTOS-Kernel.a(tasks.o)
xPortSysTickHandler                               C:\LEETC\SE\MCUXpressoIDE_11.10.0_3148\workspace\NSP\FreeRTOS-Kernel\Debug\libFreeRTOS-Kernel.a(port.o)
                                                  ./src/cr_startup_lpc175x_6x-FreeRTOS.o
xQueueCreateCountingSemaphore                     C:\LEETC\SE\MCUXpressoIDE_11.10.0_3148\workspace\NSP\FreeRTOS-Kernel\Debug\libFreeRTOS-Kernel.a(queue.o)
xQueueCreateMutex                                 C:\LEETC\SE\MCUXpressoIDE_11.10.0_3148\workspace\NSP\FreeRTOS-Kernel\Debug\libFreeRTOS-Kernel.a(queue.o)
xQueueGenericCreate                               C:\LEETC\SE\MCUXpressoIDE_11.10.0_3148\workspace\NSP\FreeRTOS-Kernel\Debug\libFreeRTOS-Kernel.a(queue.o)
                                                  C:\LEETC\SE\MCUXpressoIDE_11.10.0_3148\workspace\NSP\FreeRTOS-Kernel\Debug\libFreeRTOS-Kernel.a(timers.o)
xQueueGenericReset                                C:\LEETC\SE\MCUXpressoIDE_11.10.0_3148\workspace\NSP\FreeRTOS-Kernel\Debug\libFreeRTOS-Kernel.a(queue.o)
xQueueGenericSend                                 C:\LEETC\SE\MCUXpressoIDE_11.10.0_3148\workspace\NSP\FreeRTOS-Kernel\Debug\libFreeRTOS-Kernel.a(queue.o)
                                                  C:\LEETC\SE\MCUXpressoIDE_11.10.0_3148\workspace\NSP\FreeRTOS-Kernel\Debug\libFreeRTOS-Kernel.a(timers.o)
xQueueGenericSendFromISR                          C:\LEETC\SE\MCUXpressoIDE_11.10.0_3148\workspace\NSP\FreeRTOS-Kernel\Debug\libFreeRTOS-Kernel.a(queue.o)
                                                  C:\LEETC\SE\MCUXpressoIDE_11.10.0_3148\workspace\NSP\FreeRTOS-Kernel\Debug\libFreeRTOS-Kernel.a(timers.o)
xQueueGiveFromISR                                 C:\LEETC\SE\MCUXpressoIDE_11.10.0_3148\workspace\NSP\FreeRTOS-Kernel\Debug\libFreeRTOS-Kernel.a(queue.o)
xQueueIsQueueEmptyFromISR                         C:\LEETC\SE\MCUXpressoIDE_11.10.0_3148\workspace\NSP\FreeRTOS-Kernel\Debug\libFreeRTOS-Kernel.a(queue.o)
xQueueIsQueueFullFromISR                          C:\LEETC\SE\MCUXpressoIDE_11.10.0_3148\workspace\NSP\FreeRTOS-Kernel\Debug\libFreeRTOS-Kernel.a(queue.o)
xQueuePeek                                        C:\LEETC\SE\MCUXpressoIDE_11.10.0_3148\workspace\NSP\FreeRTOS-Kernel\Debug\libFreeRTOS-Kernel.a(queue.o)
xQueuePeekFromISR                                 C:\LEETC\SE\MCUXpressoIDE_11.10.0_3148\workspace\NSP\FreeRTOS-Kernel\Debug\libFreeRTOS-Kernel.a(queue.o)
xQueueReceive                                     C:\LEETC\SE\MCUXpressoIDE_11.10.0_3148\workspace\NSP\FreeRTOS-Kernel\Debug\libFreeRTOS-Kernel.a(queue.o)
                                                  C:\LEETC\SE\MCUXpressoIDE_11.10.0_3148\workspace\NSP\FreeRTOS-Kernel\Debug\libFreeRTOS-Kernel.a(timers.o)
xQueueReceiveFromISR                              C:\LEETC\SE\MCUXpressoIDE_11.10.0_3148\workspace\NSP\FreeRTOS-Kernel\Debug\libFreeRTOS-Kernel.a(queue.o)
xQueueRegistry                                    C:\LEETC\SE\MCUXpressoIDE_11.10.0_3148\workspace\NSP\FreeRTOS-Kernel\Debug\libFreeRTOS-Kernel.a(queue.o)
xQueueSemaphoreTake                               C:\LEETC\SE\MCUXpressoIDE_11.10.0_3148\workspace\NSP\FreeRTOS-Kernel\Debug\libFreeRTOS-Kernel.a(queue.o)
xTaskCatchUpTicks                                 C:\LEETC\SE\MCUXpressoIDE_11.10.0_3148\workspace\NSP\FreeRTOS-Kernel\Debug\libFreeRTOS-Kernel.a(tasks.o)
xTaskCheckForTimeOut                              C:\LEETC\SE\MCUXpressoIDE_11.10.0_3148\workspace\NSP\FreeRTOS-Kernel\Debug\libFreeRTOS-Kernel.a(tasks.o)
                                                  C:\LEETC\SE\MCUXpressoIDE_11.10.0_3148\workspace\NSP\FreeRTOS-Kernel\Debug\libFreeRTOS-Kernel.a(queue.o)
xTaskCreate                                       C:\LEETC\SE\MCUXpressoIDE_11.10.0_3148\workspace\NSP\FreeRTOS-Kernel\Debug\libFreeRTOS-Kernel.a(tasks.o)
                                                  C:\LEETC\SE\MCUXpressoIDE_11.10.0_3148\workspace\NSP\FreeRTOS-Kernel\Debug\libFreeRTOS-Kernel.a(timers.o)
xTaskDelayUntil                                   C:\LEETC\SE\MCUXpressoIDE_11.10.0_3148\workspace\NSP\FreeRTOS-Kernel\Debug\libFreeRTOS-Kernel.a(tasks.o)
xTaskGenericNotify                                C:\LEETC\SE\MCUXpressoIDE_11.10.0_3148\workspace\NSP\FreeRTOS-Kernel\Debug\libFreeRTOS-Kernel.a(tasks.o)
xTaskGenericNotifyFromISR                         C:\LEETC\SE\MCUXpressoIDE_11.10.0_3148\workspace\NSP\FreeRTOS-Kernel\Debug\libFreeRTOS-Kernel.a(tasks.o)
xTaskGenericNotifyStateClear                      C:\LEETC\SE\MCUXpressoIDE_11.10.0_3148\workspace\NSP\FreeRTOS-Kernel\Debug\libFreeRTOS-Kernel.a(tasks.o)
xTaskGenericNotifyWait                            C:\LEETC\SE\MCUXpressoIDE_11.10.0_3148\workspace\NSP\FreeRTOS-Kernel\Debug\libFreeRTOS-Kernel.a(tasks.o)
xTaskGetCurrentTaskHandle                         C:\LEETC\SE\MCUXpressoIDE_11.10.0_3148\workspace\NSP\FreeRTOS-Kernel\Debug\libFreeRTOS-Kernel.a(tasks.o)
xTaskGetCurrentTaskHandleForCore                  C:\LEETC\SE\MCUXpressoIDE_11.10.0_3148\workspace\NSP\FreeRTOS-Kernel\Debug\libFreeRTOS-Kernel.a(tasks.o)
xTaskGetSchedulerState                            C:\LEETC\SE\MCUXpressoIDE_11.10.0_3148\workspace\NSP\FreeRTOS-Kernel\Debug\libFreeRTOS-Kernel.a(tasks.o)
                                                  C:\LEETC\SE\MCUXpressoIDE_11.10.0_3148\workspace\NSP\FreeRTOS-Kernel\Debug\libFreeRTOS-Kernel.a(timers.o)
xTaskGetTickCount                                 C:\LEETC\SE\MCUXpressoIDE_11.10.0_3148\workspace\NSP\FreeRTOS-Kernel\Debug\libFreeRTOS-Kernel.a(tasks.o)
                                                  C:\LEETC\SE\MCUXpressoIDE_11.10.0_3148\workspace\NSP\HAL\libHALRunTime.a(wait.o)
                                                  C:\LEETC\SE\MCUXpressoIDE_11.10.0_3148\workspace\NSP\FreeRTOS-Kernel\Debug\libFreeRTOS-Kernel.a(timers.o)
xTaskGetTickCountFromISR                          C:\LEETC\SE\MCUXpressoIDE_11.10.0_3148\workspace\NSP\FreeRTOS-Kernel\Debug\libFreeRTOS-Kernel.a(tasks.o)
xTaskIncrementTick                                C:\LEETC\SE\MCUXpressoIDE_11.10.0_3148\workspace\NSP\FreeRTOS-Kernel\Debug\libFreeRTOS-Kernel.a(tasks.o)
                                                  C:\LEETC\SE\MCUXpressoIDE_11.10.0_3148\workspace\NSP\FreeRTOS-Kernel\Debug\libFreeRTOS-Kernel.a(port.o)
xTaskPriorityDisinherit                           C:\LEETC\SE\MCUXpressoIDE_11.10.0_3148\workspace\NSP\FreeRTOS-Kernel\Debug\libFreeRTOS-Kernel.a(tasks.o)
                                                  C:\LEETC\SE\MCUXpressoIDE_11.10.0_3148\workspace\NSP\FreeRTOS-Kernel\Debug\libFreeRTOS-Kernel.a(queue.o)
xTaskPriorityInherit                              C:\LEETC\SE\MCUXpressoIDE_11.10.0_3148\workspace\NSP\FreeRTOS-Kernel\Debug\libFreeRTOS-Kernel.a(tasks.o)
                                                  C:\LEETC\SE\MCUXpressoIDE_11.10.0_3148\workspace\NSP\FreeRTOS-Kernel\Debug\libFreeRTOS-Kernel.a(queue.o)
xTaskRemoveFromEventList                          C:\LEETC\SE\MCUXpressoIDE_11.10.0_3148\workspace\NSP\FreeRTOS-Kernel\Debug\libFreeRTOS-Kernel.a(tasks.o)
                                                  C:\LEETC\SE\MCUXpressoIDE_11.10.0_3148\workspace\NSP\FreeRTOS-Kernel\Debug\libFreeRTOS-Kernel.a(queue.o)
xTaskResumeAll                                    C:\LEETC\SE\MCUXpressoIDE_11.10.0_3148\workspace\NSP\FreeRTOS-Kernel\Debug\libFreeRTOS-Kernel.a(tasks.o)
                                                  C:\LEETC\SE\MCUXpressoIDE_11.10.0_3148\workspace\NSP\FreeRTOS-Kernel\Debug\libFreeRTOS-Kernel.a(queue.o)
                                                  C:\LEETC\SE\MCUXpressoIDE_11.10.0_3148\workspace\NSP\FreeRTOS-Kernel\Debug\libFreeRTOS-Kernel.a(heap_4.o)
                                                  C:\LEETC\SE\MCUXpressoIDE_11.10.0_3148\workspace\NSP\FreeRTOS-Kernel\Debug\libFreeRTOS-Kernel.a(timers.o)
xTaskResumeFromISR                                C:\LEETC\SE\MCUXpressoIDE_11.10.0_3148\workspace\NSP\FreeRTOS-Kernel\Debug\libFreeRTOS-Kernel.a(tasks.o)
xTimerCreate                                      C:\LEETC\SE\MCUXpressoIDE_11.10.0_3148\workspace\NSP\FreeRTOS-Kernel\Debug\libFreeRTOS-Kernel.a(timers.o)
xTimerCreateTimerTask                             C:\LEETC\SE\MCUXpressoIDE_11.10.0_3148\workspace\NSP\FreeRTOS-Kernel\Debug\libFreeRTOS-Kernel.a(timers.o)
                                                  C:\LEETC\SE\MCUXpressoIDE_11.10.0_3148\workspace\NSP\FreeRTOS-Kernel\Debug\libFreeRTOS-Kernel.a(tasks.o)
xTimerGenericCommandFromISR                       C:\LEETC\SE\MCUXpressoIDE_11.10.0_3148\workspace\NSP\FreeRTOS-Kernel\Debug\libFreeRTOS-Kernel.a(timers.o)
xTimerGenericCommandFromTask                      C:\LEETC\SE\MCUXpressoIDE_11.10.0_3148\workspace\NSP\FreeRTOS-Kernel\Debug\libFreeRTOS-Kernel.a(timers.o)
xTimerGetExpiryTime                               C:\LEETC\SE\MCUXpressoIDE_11.10.0_3148\workspace\NSP\FreeRTOS-Kernel\Debug\libFreeRTOS-Kernel.a(timers.o)
xTimerGetPeriod                                   C:\LEETC\SE\MCUXpressoIDE_11.10.0_3148\workspace\NSP\FreeRTOS-Kernel\Debug\libFreeRTOS-Kernel.a(timers.o)
xTimerGetReloadMode                               C:\LEETC\SE\MCUXpressoIDE_11.10.0_3148\workspace\NSP\FreeRTOS-Kernel\Debug\libFreeRTOS-Kernel.a(timers.o)
xTimerGetTimerDaemonTaskHandle                    C:\LEETC\SE\MCUXpressoIDE_11.10.0_3148\workspace\NSP\FreeRTOS-Kernel\Debug\libFreeRTOS-Kernel.a(timers.o)
                                                  C:\LEETC\SE\MCUXpressoIDE_11.10.0_3148\workspace\NSP\FreeRTOS-Kernel\Debug\libFreeRTOS-Kernel.a(tasks.o)
xTimerIsTimerActive                               C:\LEETC\SE\MCUXpressoIDE_11.10.0_3148\workspace\NSP\FreeRTOS-Kernel\Debug\libFreeRTOS-Kernel.a(timers.o)
