../src/buzzer_rtos.c:26:13:buzzerTimerCallback	16	static
../src/buzzer_rtos.c:30:13:BUZZER_InitTimer	16	static
../src/buzzer_rtos.c:42:13:BUZZER_RTOS_Alarm_Start	56	static
../src/buzzer_rtos.c:53:13:BUZZER_RTOS_Alarm_Stop	16	static
../src/buzzer_rtos.c:59:6:BUZZER_RTOS_Init	16	static
../src/buzzer_rtos.c:64:6:BUZZER_RTOS_Task	40	static
../src/buzzer_rtos.c:97:6:BUZZER_RTOS_Ready	4	static
../src/buzzer_rtos.c:101:13:BUZZER_RTOS_SendNotify	24	static
../src/buzzer_rtos.c:108:6:BUZZER_RTOS_On	8	static
../src/buzzer_rtos.c:112:6:BUZZER_RTOS_Off	8	static
../src/buzzer_rtos.c:116:6:BUZZER_RTOS_Alarm	24	static
