../src/led_rtos.c:25:13:LED_RTOS_Task	24	static
../src/led_rtos.c:45:13:LED_RTOS_Init	16	static
../src/led_rtos.c:62:6:LED_RTOS_InitRedInt	16	static
../src/led_rtos.c:67:6:LED_RTOS_InitAllInt	16	static
../src/led_rtos.c:74:6:LED_RTOS_InitAllExt	16	static
../src/led_rtos.c:81:6:LED_RTOS_InitSemaphore	16	static
../src/led_rtos.c:88:26:LED_RTOS_AllocCommand	8	static
../src/led_rtos.c:92:6:LED_RTOS_Ready	4	static
../src/led_rtos.c:96:6:LED_RTOS_GetState	24	static
../src/led_rtos.c:111:6:LED_RTOS_On	24	static
../src/led_rtos.c:123:6:LED_RTOS_Off	24	static
../src/led_rtos.c:135:6:LED_RTOS_Toggle	24	static
../src/led_rtos.c:147:6:LED_RTOS_Delete	8	static
