../src/mqtt.c:43:13:MQTT_SetStatus	16	static
../src/mqtt.c:52:13:MQTT_SetState	16	static
../src/mqtt.c:61:13:MQTT_ParsePacket	80	dynamic
../src/mqtt.c:94:13:MQTT_UpdateAttributes	16	static
../src/mqtt.c:100:12:MQTT_Send	160	static
../src/mqtt.c:124:12:MQTT_Recv	24	static
../src/mqtt.c:151:13:MQTT_Connect	168	static
../src/mqtt.c:168:13:MQTT_Disconnect	48	static
../src/mqtt.c:187:13:MQTT_Task	568	static
../src/mqtt.c:358:6:MQTT_Init	24	static
../src/mqtt.c:371:6:MQTT_Ready	4	static
../src/mqtt.c:375:6:MQTT_isReadyToPublish	8	static
../src/mqtt.c:379:6:MQTT_Publish	152	static
../src/mqtt.c:393:6:MQTT_NoisePublish	168	static
../src/mqtt.c:403:22:MQTT_GetStatus	16	static
../src/mqtt.c:414:21:MQTT_GetState	16	static
../src/mqtt.c:425:6:MQTT_Resume	16	static
