../src/wifi.c:43:13:WIFI_ParseExpected	24	static
../src/wifi.c:48:13:WIFI_ParseInfo	56	static
../src/wifi.c:87:13:WIFI_Send	16	static
../src/wifi.c:95:13:WIFI_Receive	584	static
../src/wifi.c:120:13:WIFI_Command	24	static
../src/wifi.c:126:13:WIFI_SetState	16	static
../src/wifi.c:135:13:WIFI_SetResult	16	static
../src/wifi.c:144:13:WIFI_Connection	144	static
../src/wifi.c:155:13:WIFI_Disconnection	8	static
../src/wifi.c:159:13:WIFI_Clean	8	static
../src/wifi.c:163:13:WIFI_GetInfo	8	static
../src/wifi.c:167:13:WIFI_ConfigNumberOfConnections	24	static
../src/wifi.c:173:13:WIFI_Task	48	static
../src/wifi.c:258:6:WIFI_Init	24	static
../src/wifi.c:291:6:WIFI_Ready	4	static
../src/wifi.c:295:6:WIFI_Connect	40	static
../src/wifi.c:302:6:WIFI_Disconnect	40	static
../src/wifi.c:309:6:WIFI_RequestInfo	40	static
../src/wifi.c:323:6:WIFI_RequestExpected	56	static
../src/wifi.c:341:6:WIFI_RequestSendPacket	56	static
../src/wifi.c:360:6:WIFI_RequestReceive	56	static
../src/wifi.c:378:6:WIFI_RequestPacketTransaction	56	static
../src/wifi.c:400:30:WIFI_GetCIPMUX	4	static
../src/wifi.c:404:21:WIFI_GetState	16	static
../src/wifi.c:415:22:WIFI_GetResult	16	static
../src/wifi.c:426:6:WIFI_GetSavedIP	16	static
../src/wifi.c:440:6:WIFI_GetSavedMAC	16	static
../src/wifi.c:454:6:WIFI_WaitConnect	16	static
../src/wifi.c:468:6:WIFI_WaitDisconnect	16	static
../src/wifi.c:484:6:WIFI_WaitIP	24	static
../src/wifi.c:511:6:WIFI_WaitMAC	24	static
