18:17:20 **** Incremental Build of configuration Debug for project DRIVERS ****
make -r -j32 all 
make[1]: Nothing to be done for 'main-build'.
Performing post-build steps
arm-none-eabi-size "libDRIVERS.a" ; # arm-none-eabi-objdump -h -S "libDRIVERS.a" >"libDRIVERS.lss"
   text	   data	    bss	    dec	    hex	filename
     86	      0	      0	     86	     56	buzzer.o (ex libDRIVERS.a)
    230	      0	      2	    232	     e8	delay.o (ex libDRIVERS.a)
    677	      0	      0	    677	    2a5	flashcontrol.o (ex libDRIVERS.a)
    462	      0	      0	    462	    1ce	led.o (ex libDRIVERS.a)
    772	     13	    109	    894	    37e	max9814.o (ex libDRIVERS.a)
    544	      0	      0	    544	    220	rtc.o (ex libDRIVERS.a)
    632	      0	     12	    644	    284	transport.o (ex libDRIVERS.a)
 

18:17:20 Build Finished. 0 errors, 0 warnings. (took 199ms)

