18:17:20 **** Incremental Build of configuration Debug for project FreeRTOS-Template ****
make -r -j32 all 
Building target: FreeRTOS-Template.axf
Invoking: MCU Linker
arm-none-eabi-gcc -nostdlib -L"C:\LEETC\SE\MCUXpressoIDE_11.10.0_3148\workspace\NSP\HAL\Debug(FreeRTOS)" -L"C:\LEETC\SE\MCUXpressoIDE_11.10.0_3148\workspace\NSP\FreeRTOS_DRIVERS\Debug" -L"C:\LEETC\SE\MCUXpressoIDE_11.10.0_3148\workspace\NSP\HAL" -L"C:\LEETC\SE\MCUXpressoIDE_11.10.0_3148\workspace\NSP\CMSIS_CORE_LPC17xx\Debug" -L"C:\LEETC\SE\MCUXpressoIDE_11.10.0_3148\workspace\NSP\DRIVERS\Debug" -L"C:\LEETC\SE\MCUXpressoIDE_11.10.0_3148\workspace\NSP\FreeRTOS-Kernel\Debug" -Xlinker -Map="FreeRTOS-Template.map" -Xlinker --cref -Xlinker --gc-sections -Xlinker -print-memory-usage -mcpu=cortex-m3 -mthumb -T FreeRTOS-Template_Debug.ld -o "FreeRTOS-Template.axf" ./src/cr_startup_lpc175x_6x-FreeRTOS.o ./src/crp.o ./src/main.o ./src/printf-stdarg.o    -lFreeRTOS_DRIVERS -lDRIVERS -lHAL -lFreeRTOS-Kernel -lHALRunTime -lCMSIS_CORE_LPC17xx
Memory region         Used Size  Region Size  %age Used
       MFlash512:       21708 B       512 KB      4.14%
        RamLoc32:       18852 B        32 KB     57.53%
        RamAHB32:          0 GB        32 KB      0.00%
Finished building target: FreeRTOS-Template.axf
 
Performing post-build steps
arm-none-eabi-size "FreeRTOS-Template.axf"; # arm-none-eabi-objcopy -v -O binary "FreeRTOS-Template.axf" "FreeRTOS-Template.bin" ; # checksum -p LPC1769 -d "FreeRTOS-Template.bin";
   text	   data	    bss	    dec	    hex	filename
  21700	      8	  18844	  40552	   9e68	FreeRTOS-Template.axf
 

18:17:21 Build Finished. 0 errors, 0 warnings. (took 352ms)

