18:17:19 **** Incremental Build of configuration Debug(FreeRTOS) for project HAL ****
make -r -j32 all 
make[1]: Nothing to be done for 'main-build'.
Performing post-build steps
arm-none-eabi-size "libHAL.a" ; # arm-none-eabi-objdump -h -S "libHAL.a" >"libHAL.lss"
   text	   data	    bss	    dec	    hex	filename
    380	      0	      0	    380	    17c	adc.o (ex libHAL.a)
    384	      4	      0	    388	    184	flash.o (ex libHAL.a)
    354	      0	      0	    354	    162	pin.o (ex libHAL.a)
    420	      0	      0	    420	    1a4	pinconfig.o (ex libHAL.a)
     62	      0	      4	     66	     42	systick.o (ex libHAL.a)
    148	      0	      0	    148	     94	timer2.o (ex libHAL.a)
 

18:17:19 Build Finished. 0 errors, 0 warnings. (took 268ms)

