19:28:45 **** Incremental Build of configuration Debug for project Lab_MQTTDisplay ****
make -r -j32 all 
Building file: ../src/Lab_MQTTDisplay.c
Invoking: MCU C Compiler
arm-none-eabi-gcc -DDEBUG -D__CODE_RED -DCORE_M3 -D__USE_CMSIS=CMSIS_CORE_LPC17xx -D__LPC17XX__ -D__NEWLIB__ -DxSERIAL_CONSOLE -I"C:\LEETC\SE\MCUXpressoIDE_11.10.0_3148\workspace\SEIot\Lab_MQTTDisplay\inc" -I"C:\LEETC\SE\MCUXpressoIDE_11.10.0_3148\workspace\SEIot\MQTTPacket\inc" -I"C:\LEETC\SE\MCUXpressoIDE_11.10.0_3148\workspace\SEIot\FreeRTOS_DRIVERS\inc" -I"C:\LEETC\SE\MCUXpressoIDE_11.10.0_3148\workspace\SEIot\DRIVERS\inc" -I"C:\LEETC\SE\MCUXpressoIDE_11.10.0_3148\workspace\SEIot\CMSIS_CORE_LPC17xx\inc" -I"C:\LEETC\SE\MCUXpressoIDE_11.10.0_3148\workspace\SEIot\FreeRTOS-Kernel\include" -I"C:\LEETC\SE\MCUXpressoIDE_11.10.0_3148\workspace\SEIot\FreeRTOS-Kernel\src\portable\GCC\ARM_CM3" -O0 -fno-common -g3 -gdwarf-4 -Wall -c -fmessage-length=0 -fno-builtin -ffunction-sections -fdata-sections -fmerge-constants -fmacro-prefix-map="../src/"= -mcpu=cortex-m3 -mthumb -D__NEWLIB__ -fstack-usage -specs=nano.specs -MMD -MP -MF"src/Lab_MQTTDisplay.d" -MT"src/Lab_MQTTDisplay.o" -MT"src/Lab_MQTTDisplay.d" -o "src/Lab_MQTTDisplay.o" "../src/Lab_MQTTDisplay.c"
Finished building: ../src/Lab_MQTTDisplay.c
 
Building target: Lab_MQTTDisplay.axf
Invoking: MCU Linker
arm-none-eabi-gcc -nostdlib -L"C:\LEETC\SE\MCUXpressoIDE_11.10.0_3148\workspace\SEIot\HAL\Debug(FreeRTOS)" -L"C:\LEETC\SE\MCUXpressoIDE_11.10.0_3148\workspace\SEIot\MQTTPacket\Debug" -L"C:\LEETC\SE\MCUXpressoIDE_11.10.0_3148\workspace\SEIot\DRIVERS" -L"C:\LEETC\SE\MCUXpressoIDE_11.10.0_3148\workspace\SEIot\FreeRTOS_DRIVERS\Debug" -L"C:\LEETC\SE\MCUXpressoIDE_11.10.0_3148\workspace\SEIot\HAL" -L"C:\LEETC\SE\MCUXpressoIDE_11.10.0_3148\workspace\SEIot\CMSIS_CORE_LPC17xx\Debug" -L"C:\LEETC\SE\MCUXpressoIDE_11.10.0_3148\workspace\SEIot\DRIVERS\Debug" -L"C:\LEETC\SE\MCUXpressoIDE_11.10.0_3148\workspace\SEIot\FreeRTOS-Kernel\Debug" -Xlinker -Map="Lab_MQTTDisplay.map" -Xlinker --cref -Xlinker --gc-sections -Xlinker -print-memory-usage -mcpu=cortex-m3 -mthumb -T Lab_MQTTDisplay_Debug.ld -u _printf_float -u _scanf_float -o "Lab_MQTTDisplay.axf" ./src/Lab_MQTTDisplay.o ./src/cr_startup_lpc175x_6x-FreeRTOS.o ./src/crp.o ./src/printf-stdarg.o    -lFreeRTOS_DRIVERS -lMQTTPacket -lESPSERIAL -lDRIVERS -lHAL -lFreeRTOS-Kernel -lHALRunTime -lCMSIS_CORE_LPC17xx
Memory region         Used Size  Region Size  %age Used
       MFlash512:       61300 B       512 KB     11.69%
        RamLoc32:       28540 B        32 KB     87.10%
        RamAHB32:          0 GB        32 KB      0.00%
Finished building target: Lab_MQTTDisplay.axf
 
Performing post-build steps
arm-none-eabi-size "Lab_MQTTDisplay.axf"; # arm-none-eabi-objcopy -v -O binary "Lab_MQTTDisplay.axf" "Lab_MQTTDisplay.bin" ; # checksum -p LPC1769 -d "Lab_MQTTDisplay.bin";
   text	   data	    bss	    dec	    hex	filename
  60776	    524	  28012	  89312	  15ce0	Lab_MQTTDisplay.axf
 

19:28:45 Build Finished. 0 errors, 0 warnings. (took 385ms)

