14:08:28 **** Build of configuration Debug for project Lab_NTPDisplay ****
make -r -j32 all 
Building file: ../src/Lab_NTPDisplay.c
Building file: ../src/cr_startup_lpc175x_6x-FreeRTOS.c
Building file: ../src/crp.c
Invoking: MCU C Compiler
Invoking: MCU C Compiler
arm-none-eabi-gcc -DDEBUG -D__CODE_RED -DCORE_M3 -D__USE_CMSIS=CMSIS_CORE_LPC17xx -D__LPC17XX__ -D__NEWLIB__ -DxSERIAL_CONSOLE -I"C:\LEETC\SE\MCUXpressoIDE_11.10.0_3148\workspace\SEIot\Lab_NTPDisplay\inc" -I"C:\LEETC\SE\MCUXpressoIDE_11.10.0_3148\workspace\SEIot\MQTTPacket\inc" -I"C:\LEETC\SE\MCUXpressoIDE_11.10.0_3148\workspace\SEIot\FreeRTOS_DRIVERS\inc" -I"C:\LEETC\SE\MCUXpressoIDE_11.10.0_3148\workspace\SEIot\DRIVERS\inc" -I"C:\LEETC\SE\MCUXpressoIDE_11.10.0_3148\workspace\SEIot\CMSIS_CORE_LPC17xx\inc" -I"C:\LEETC\SE\MCUXpressoIDE_11.10.0_3148\workspace\SEIot\FreeRTOS-Kernel\include" -I"C:\LEETC\SE\MCUXpressoIDE_11.10.0_3148\workspace\SEIot\FreeRTOS-Kernel\src\portable\GCC\ARM_CM3" -O0 -fno-common -g3 -gdwarf-4 -Wall -c -fmessage-length=0 -fno-builtin -ffunction-sections -fdata-sections -fmerge-constants -fmacro-prefix-map="../src/"= -mcpu=cortex-m3 -mthumb -D__NEWLIB__ -fstack-usage -specs=nano.specs -MMD -MP -MF"src/Lab_NTPDisplay.d" -MT"src/Lab_NTPDisplay.o" -MT"src/Lab_NTPDisplay.d" -o "src/Lab_NTPDisplay.o" "../src/Lab_NTPDisplay.c"
Building file: ../src/printf-stdarg.c
Invoking: MCU C Compiler
arm-none-eabi-gcc -DDEBUG -D__CODE_RED -DCORE_M3 -D__USE_CMSIS=CMSIS_CORE_LPC17xx -D__LPC17XX__ -D__NEWLIB__ -DxSERIAL_CONSOLE -I"C:\LEETC\SE\MCUXpressoIDE_11.10.0_3148\workspace\SEIot\Lab_NTPDisplay\inc" -I"C:\LEETC\SE\MCUXpressoIDE_11.10.0_3148\workspace\SEIot\MQTTPacket\inc" -I"C:\LEETC\SE\MCUXpressoIDE_11.10.0_3148\workspace\SEIot\FreeRTOS_DRIVERS\inc" -I"C:\LEETC\SE\MCUXpressoIDE_11.10.0_3148\workspace\SEIot\DRIVERS\inc" -I"C:\LEETC\SE\MCUXpressoIDE_11.10.0_3148\workspace\SEIot\CMSIS_CORE_LPC17xx\inc" -I"C:\LEETC\SE\MCUXpressoIDE_11.10.0_3148\workspace\SEIot\FreeRTOS-Kernel\include" -I"C:\LEETC\SE\MCUXpressoIDE_11.10.0_3148\workspace\SEIot\FreeRTOS-Kernel\src\portable\GCC\ARM_CM3" -O0 -fno-common -g3 -gdwarf-4 -Wall -c -fmessage-length=0 -fno-builtin -ffunction-sections -fdata-sections -fmerge-constants -fmacro-prefix-map="../src/"= -mcpu=cortex-m3 -mthumb -D__NEWLIB__ -fstack-usage -specs=nano.specs -MMD -MP -MF"src/cr_startup_lpc175x_6x-FreeRTOS.d" -MT"src/cr_startup_lpc175x_6x-FreeRTOS.o" -MT"src/cr_startup_lpc175x_6x-FreeRTOS.d" -o "src/cr_startup_lpc175x_6x-FreeRTOS.o" "../src/cr_startup_lpc175x_6x-FreeRTOS.c"
arm-none-eabi-gcc -DDEBUG -D__CODE_RED -DCORE_M3 -D__USE_CMSIS=CMSIS_CORE_LPC17xx -D__LPC17XX__ -D__NEWLIB__ -DxSERIAL_CONSOLE -I"C:\LEETC\SE\MCUXpressoIDE_11.10.0_3148\workspace\SEIot\Lab_NTPDisplay\inc" -I"C:\LEETC\SE\MCUXpressoIDE_11.10.0_3148\workspace\SEIot\MQTTPacket\inc" -I"C:\LEETC\SE\MCUXpressoIDE_11.10.0_3148\workspace\SEIot\FreeRTOS_DRIVERS\inc" -I"C:\LEETC\SE\MCUXpressoIDE_11.10.0_3148\workspace\SEIot\DRIVERS\inc" -I"C:\LEETC\SE\MCUXpressoIDE_11.10.0_3148\workspace\SEIot\CMSIS_CORE_LPC17xx\inc" -I"C:\LEETC\SE\MCUXpressoIDE_11.10.0_3148\workspace\SEIot\FreeRTOS-Kernel\include" -I"C:\LEETC\SE\MCUXpressoIDE_11.10.0_3148\workspace\SEIot\FreeRTOS-Kernel\src\portable\GCC\ARM_CM3" -O0 -fno-common -g3 -gdwarf-4 -Wall -c -fmessage-length=0 -fno-builtin -ffunction-sections -fdata-sections -fmerge-constants -fmacro-prefix-map="../src/"= -mcpu=cortex-m3 -mthumb -D__NEWLIB__ -fstack-usage -specs=nano.specs -MMD -MP -MF"src/crp.d" -MT"src/crp.o" -MT"src/crp.d" -o "src/crp.o" "../src/crp.c"
Invoking: MCU C Compiler
arm-none-eabi-gcc -DDEBUG -D__CODE_RED -DCORE_M3 -D__USE_CMSIS=CMSIS_CORE_LPC17xx -D__LPC17XX__ -D__NEWLIB__ -DxSERIAL_CONSOLE -I"C:\LEETC\SE\MCUXpressoIDE_11.10.0_3148\workspace\SEIot\Lab_NTPDisplay\inc" -I"C:\LEETC\SE\MCUXpressoIDE_11.10.0_3148\workspace\SEIot\MQTTPacket\inc" -I"C:\LEETC\SE\MCUXpressoIDE_11.10.0_3148\workspace\SEIot\FreeRTOS_DRIVERS\inc" -I"C:\LEETC\SE\MCUXpressoIDE_11.10.0_3148\workspace\SEIot\DRIVERS\inc" -I"C:\LEETC\SE\MCUXpressoIDE_11.10.0_3148\workspace\SEIot\CMSIS_CORE_LPC17xx\inc" -I"C:\LEETC\SE\MCUXpressoIDE_11.10.0_3148\workspace\SEIot\FreeRTOS-Kernel\include" -I"C:\LEETC\SE\MCUXpressoIDE_11.10.0_3148\workspace\SEIot\FreeRTOS-Kernel\src\portable\GCC\ARM_CM3" -O0 -fno-common -g3 -gdwarf-4 -Wall -c -fmessage-length=0 -fno-builtin -ffunction-sections -fdata-sections -fmerge-constants -fmacro-prefix-map="../src/"= -mcpu=cortex-m3 -mthumb -D__NEWLIB__ -fstack-usage -specs=nano.specs -MMD -MP -MF"src/printf-stdarg.d" -MT"src/printf-stdarg.o" -MT"src/printf-stdarg.d" -o "src/printf-stdarg.o" "../src/printf-stdarg.c"
Finished building: ../src/crp.c
 
Finished building: ../src/cr_startup_lpc175x_6x-FreeRTOS.c
 
Finished building: ../src/printf-stdarg.c
 
Finished building: ../src/Lab_NTPDisplay.c
 
Building target: Lab_NTPDisplay.axf
Invoking: MCU Linker
arm-none-eabi-gcc -nostdlib -L"C:\LEETC\SE\MCUXpressoIDE_11.10.0_3148\workspace\SEIot\HAL\Debug(FreeRTOS)" -L"C:\LEETC\SE\MCUXpressoIDE_11.10.0_3148\workspace\SEIot\MQTTPacket\Debug" -L"C:\LEETC\SE\MCUXpressoIDE_11.10.0_3148\workspace\SEIot\DRIVERS" -L"C:\LEETC\SE\MCUXpressoIDE_11.10.0_3148\workspace\SEIot\FreeRTOS_DRIVERS\Debug" -L"C:\LEETC\SE\MCUXpressoIDE_11.10.0_3148\workspace\SEIot\HAL" -L"C:\LEETC\SE\MCUXpressoIDE_11.10.0_3148\workspace\SEIot\CMSIS_CORE_LPC17xx\Debug" -L"C:\LEETC\SE\MCUXpressoIDE_11.10.0_3148\workspace\SEIot\DRIVERS\Debug" -L"C:\LEETC\SE\MCUXpressoIDE_11.10.0_3148\workspace\SEIot\FreeRTOS-Kernel\Debug" -Xlinker -Map="Lab_NTPDisplay.map" -Xlinker --cref -Xlinker --gc-sections -Xlinker -print-memory-usage -mcpu=cortex-m3 -mthumb -T Lab_NTPDisplay_Debug.ld -o "Lab_NTPDisplay.axf" ./src/Lab_NTPDisplay.o ./src/cr_startup_lpc175x_6x-FreeRTOS.o ./src/crp.o ./src/printf-stdarg.o    -lFreeRTOS_DRIVERS -lMQTTPacket -lESPSERIAL -lDRIVERS -lHAL -lFreeRTOS-Kernel -lHALRunTime -lCMSIS_CORE_LPC17xx
Memory region         Used Size  Region Size  %age Used
       MFlash512:       52600 B       512 KB     10.03%
        RamLoc32:       28348 B        32 KB     86.51%
        RamAHB32:          0 GB        32 KB      0.00%
Finished building target: Lab_NTPDisplay.axf
 
Performing post-build steps
arm-none-eabi-size "Lab_NTPDisplay.axf"; # arm-none-eabi-objcopy -v -O binary "Lab_NTPDisplay.axf" "Lab_NTPDisplay.bin" ; # checksum -p LPC1769 -d "Lab_NTPDisplay.bin";
   text	   data	    bss	    dec	    hex	filename
  52340	    260	  28084	  80684	  13b2c	Lab_NTPDisplay.axf
 

14:08:29 Build Finished. 0 errors, 0 warnings. (took 381ms)

