19:32:49 **** Incremental Build of configuration Debug for project Lab_BuzzerSemaphore ****
make -r -j32 all 
Building target: Lab_BuzzerSemaphore.axf
Invoking: MCU Linker
arm-none-eabi-gcc -nostdlib -L"C:\LEETC\SE\MCUXpressoIDE_11.10.0_3148\workspace\SEIot\HAL\Debug(FreeRTOS)" -L"C:\LEETC\SE\MCUXpressoIDE_11.10.0_3148\workspace\SEIot\FreeRTOS_DRIVERS\Debug" -L"C:\LEETC\SE\MCUXpressoIDE_11.10.0_3148\workspace\SEIot\HAL" -L"C:\LEETC\SE\MCUXpressoIDE_11.10.0_3148\workspace\SEIot\CMSIS_CORE_LPC17xx\Debug" -L"C:\LEETC\SE\MCUXpressoIDE_11.10.0_3148\workspace\SEIot\DRIVERS\Debug" -L"C:\LEETC\SE\MCUXpressoIDE_11.10.0_3148\workspace\SEIot\FreeRTOS-Kernel\Debug" -Xlinker -Map="Lab_BuzzerSemaphore.map" -Xlinker --cref -Xlinker --gc-sections -Xlinker -print-memory-usage -mcpu=cortex-m3 -mthumb -T Lab_BuzzerSemaphore_Debug.ld -o "Lab_BuzzerSemaphore.axf" ./src/Lab_BuzzerSemaphore.o ./src/cr_startup_lpc175x_6x-FreeRTOS.o ./src/crp.o ./src/printf-stdarg.o    -lFreeRTOS_DRIVERS -lDRIVERS -lHAL -lFreeRTOS-Kernel -lHALRunTime -lCMSIS_CORE_LPC17xx
Memory region         Used Size  Region Size  %age Used
       MFlash512:       24992 B       512 KB      4.77%
        RamLoc32:       18876 B        32 KB     57.60%
        RamAHB32:          0 GB        32 KB      0.00%
Finished building target: Lab_BuzzerSemaphore.axf
 
Performing post-build steps
arm-none-eabi-size "Lab_BuzzerSemaphore.axf"; # arm-none-eabi-objcopy -v -O binary "Lab_BuzzerSemaphore.axf" "Lab_BuzzerSemaphore.bin" ; # checksum -p LPC1769 -d "Lab_BuzzerSemaphore.bin";
   text	   data	    bss	    dec	    hex	filename
  24984	      8	  18868	  43860	   ab54	Lab_BuzzerSemaphore.axf
 

19:32:50 Build Finished. 0 errors, 0 warnings. (took 286ms)

